FastTree Version 2.1.11 Double precision (No SSE3), OpenMP (1 threads)
Alignment: results/BDNF-64/gard/segments/BDNF-64.part4.codon.fas
Nucleotide distances: Jukes-Cantor Joins: balanced Support: SH-like 1000
Search: Normal +NNI +SPR (2 rounds range 10) +ML-NNI opt-each=1
TopHits: 1.00*sqrtN close=default refresh=0.80
ML Model: Generalized Time-Reversible, CAT approximation with 20 rate categories
Initial topology in 0.00 seconds
Refining topology: 23 rounds ME-NNIs, 2 rounds ME-SPRs, 11 rounds ML-NNIs
Total branch-length 1.440 after 0.03 sec
ML-NNI round 1: LogLk = -2768.667 NNIs 4 max delta 1.35 Time 0.05
GTR Frequencies: 0.2480 0.2503 0.2986 0.2031
GTR rates(ac ag at cg ct gt) 1.3739 2.8390 0.3685 1.0173 4.2968 1.0000
      0.10 seconds: Site likelihoods with rate category 16 of 20
Switched to using 20 rate categories (CAT approximation)
Rate categories were divided by 0.779 so that average rate = 1.0
CAT-based log-likelihoods may not be comparable across runs
Use -gamma for approximate but comparable Gamma(20) log-likelihoods
ML-NNI round 2: LogLk = -2387.173 NNIs 7 max delta 2.46 Time 0.13
ML-NNI round 3: LogLk = -2382.309 NNIs 3 max delta 2.23 Time 0.15
ML-NNI round 4: LogLk = -2381.966 NNIs 0 max delta 0.00 Time 0.17
Turning off heuristics for final round of ML NNIs (converged)
ML-NNI round 5: LogLk = -2381.933 NNIs 0 max delta 0.00 Time 0.19 (final)
Optimize all lengths: LogLk = -2381.932 Time 0.20
Total time: 0.24 seconds Unique: 51/60 Bad splits: 0/48
