FastTree Version 2.1.11 Double precision (No SSE3), OpenMP (1 threads)
Alignment: results/BDNF-64/gard/segments/BDNF-64.part1.codon.fas
Nucleotide distances: Jukes-Cantor Joins: balanced Support: SH-like 1000
Search: Normal +NNI +SPR (2 rounds range 10) +ML-NNI opt-each=1
TopHits: 1.00*sqrtN close=default refresh=0.80
ML Model: Generalized Time-Reversible, CAT approximation with 20 rate categories
Initial topology in 0.00 seconds
Refining topology: 17 rounds ME-NNIs, 2 rounds ME-SPRs, 8 rounds ML-NNIs
Total branch-length 11.016 after 0.01 sec
ML-NNI round 1: LogLk = -1878.072 NNIs 1 max delta 1.17 Time 0.02
GTR Frequencies: 0.1853 0.2926 0.2947 0.2274
GTR rates(ac ag at cg ct gt) 0.5388 1.8513 0.7605 1.1771 2.0679 1.0000
Switched to using 20 rate categories (CAT approximation)
Rate categories were divided by 0.715 so that average rate = 1.0
CAT-based log-likelihoods may not be comparable across runs
Use -gamma for approximate but comparable Gamma(20) log-likelihoods
ML-NNI round 2: LogLk = -1763.982 NNIs 1 max delta 0.00 Time 0.04
Turning off heuristics for final round of ML NNIs (converged)
ML-NNI round 3: LogLk = -1763.771 NNIs 0 max delta 0.00 Time 0.05 (final)
Optimize all lengths: LogLk = -1763.707 Time 0.05
Total time: 0.07 seconds Unique: 18/60 Bad splits: 0/15
