FastTree Version 2.1.11 Double precision (No SSE3), OpenMP (1 threads)
Alignment: results/BDNF-64/gard/segments/BDNF-64.part3.codon.fas
Nucleotide distances: Jukes-Cantor Joins: balanced Support: SH-like 1000
Search: Normal +NNI +SPR (2 rounds range 10) +ML-NNI opt-each=1
TopHits: 1.00*sqrtN close=default refresh=0.80
ML Model: Generalized Time-Reversible, CAT approximation with 20 rate categories
Initial topology in 0.00 seconds
Refining topology: 21 rounds ME-NNIs, 2 rounds ME-SPRs, 11 rounds ML-NNIs
Total branch-length 0.510 after 0.01 sec
ML-NNI round 1: LogLk = -449.179 NNIs 12 max delta 0.12 Time 0.01
GTR Frequencies: 0.2627 0.2383 0.2133 0.2858
GTR rates(ac ag at cg ct gt) 0.8948 4.3377 1.6740 1.9951 2.7478 1.0000
Switched to using 20 rate categories (CAT approximation)
Rate categories were divided by 0.763 so that average rate = 1.0
CAT-based log-likelihoods may not be comparable across runs
Use -gamma for approximate but comparable Gamma(20) log-likelihoods
ML-NNI round 2: LogLk = -411.597 NNIs 6 max delta 0.00 Time 0.03
Turning off heuristics for final round of ML NNIs (converged)
ML-NNI round 3: LogLk = -411.373 NNIs 2 max delta 0.22 Time 0.04 (final)
Optimize all lengths: LogLk = -411.373 Time 0.04
Total time: 0.05 seconds Unique: 39/60 Bad splits: 0/36
