FastTree Version 2.1.11 Double precision (No SSE3), OpenMP (1 threads)
Alignment: results/BDNF-64/gard/segments/BDNF-64.part5.codon.fas
Nucleotide distances: Jukes-Cantor Joins: balanced Support: SH-like 1000
Search: Normal +NNI +SPR (2 rounds range 10) +ML-NNI opt-each=1
TopHits: 1.00*sqrtN close=default refresh=0.80
ML Model: Generalized Time-Reversible, CAT approximation with 20 rate categories
Initial topology in 0.00 seconds
Refining topology: 23 rounds ME-NNIs, 2 rounds ME-SPRs, 11 rounds ML-NNIs
Total branch-length 0.917 after 0.04 sec
ML-NNI round 1: LogLk = -3037.238 NNIs 6 max delta 3.58 Time 0.07
      0.10 seconds: Optimizing GTR model, step 7 of 12
GTR Frequencies: 0.2745 0.2415 0.2974 0.1865
GTR rates(ac ag at cg ct gt) 1.1187 3.2521 0.4140 1.4901 7.1199 1.0000
Switched to using 20 rate categories (CAT approximation)
Rate categories were divided by 0.728 so that average rate = 1.0
CAT-based log-likelihoods may not be comparable across runs
Use -gamma for approximate but comparable Gamma(20) log-likelihoods
ML-NNI round 2: LogLk = -2520.481 NNIs 7 max delta 1.14 Time 0.17
ML-NNI round 3: LogLk = -2516.535 NNIs 5 max delta 2.41 Time 0.20
ML-NNI round 4: LogLk = -2516.507 NNIs 2 max delta 0.00 Time 0.22
Turning off heuristics for final round of ML NNIs (converged)
      0.21 seconds: ML NNI round 5 of 11, 1 of 51 splits
ML-NNI round 5: LogLk = -2516.506 NNIs 0 max delta 0.00 Time 0.25 (final)
Optimize all lengths: LogLk = -2516.506 Time 0.26
Total time: 0.31 seconds Unique: 53/60 Bad splits: 0/50
