FastTree Version 2.1.11 Double precision (No SSE3), OpenMP (1 threads)
Alignment: results/BDNF-64/gard/segments/BDNF-64.part2.codon.fas
Nucleotide distances: Jukes-Cantor Joins: balanced Support: SH-like 1000
Search: Normal +NNI +SPR (2 rounds range 10) +ML-NNI opt-each=1
TopHits: 1.00*sqrtN close=default refresh=0.80
ML Model: Generalized Time-Reversible, CAT approximation with 20 rate categories
Initial topology in 0.00 seconds
Refining topology: 18 rounds ME-NNIs, 2 rounds ME-SPRs, 9 rounds ML-NNIs
Total branch-length 13.095 after 0.01 sec
ML-NNI round 1: LogLk = -983.562 NNIs 2 max delta 0.38 Time 0.02
GTR Frequencies: 0.2410 0.2435 0.2874 0.2281
GTR rates(ac ag at cg ct gt) 1.1591 1.6493 1.0717 1.1963 2.8129 1.0000
Switched to using 20 rate categories (CAT approximation)
Rate categories were divided by 0.778 so that average rate = 1.0
CAT-based log-likelihoods may not be comparable across runs
Use -gamma for approximate but comparable Gamma(20) log-likelihoods
ML-NNI round 2: LogLk = -937.975 NNIs 7 max delta 0.48 Time 0.03
ML-NNI round 3: LogLk = -937.876 NNIs 2 max delta 0.05 Time 0.03
Turning off heuristics for final round of ML NNIs (converged)
ML-NNI round 4: LogLk = -937.865 NNIs 1 max delta 0.00 Time 0.04 (final)
Optimize all lengths: LogLk = -937.859 Time 0.04
Total time: 0.05 seconds Unique: 22/60 Bad splits: 0/19
