
Analysis Description
--------------------
FEL (Fixed Effects Likelihood) estimates site-wise synonymous (&alpha;)
and non-synonymous (&beta;) rates, and uses a likelihood ratio test to
determine if beta &neq; alpha at a site. The estimates aggregate
information over all branches, so the signal is derived from pervasive
diversification or conservation. A subset of branches can be selected
for testing as well, in which case an additional (nuisance) parameter
will be inferred -- the non-synonymous rate on branches NOT selected for
testing. Multiple partitions within a NEXUS file are also supported for
recombination - aware analysis. Version 2.5 adds MH support. 

- __Requirements__: in-frame codon alignment and a phylogenetic tree

- __Citation__: Not So Different After All: A Comparison of Methods for Detecting Amino
Acid Sites Under Selection (2005). _Mol Biol Evol_ 22 (5): 1208-1222

- __Written by__: Sergei L Kosakovsky Pond and Simon DW Frost

- __Contact Information__: spond@temple.edu

- __Analysis Version__: 2.5


>code => Universal

-------
>[WARNING]
'/Users/alex/Documents/AOC/results/BDNF-64/gard/segments/BDNF-64.part4.codon.fas'
contains 9 duplicate sequences. Identical sequences do not contribute
any information to the analysis and only slow down computation. Please
consider removing duplicate or 'nearly' duplicate sequences, e.g. using
https://github.com/veg/hyphy-analyses/tree/master/remove-duplicates
prior to running selection analyses
-------
/Users/alex/Documents/AOC/results/BDNF-64/selection/part4/FastTree.labelled.treefile
results/BDNF-64/selection/part4/FastTree.labelled.treefile

>Loaded a multiple sequence alignment with **60** sequences, **104** codons, and **1** partitions from `/Users/alex/Documents/AOC/results/BDNF-64/gard/segments/BDNF-64.part4.codon.fas`

>branches => Test

>srv => Yes

>multiple-hits => None

>Select the p-value threshold to use when testing for selection (permissible range = [0,1], default value = 0.1): 
>pvalue => 0.1

>ci => Yes
Only analyze sites whose 1-based indices match the following list (null to skip) : 
>limit-to-sites => null
For sites whose 1-based indices match the following list, write out likelihood function snapshots (null string to skip) : 
>save-lf-for-sites => null

>[Advanced setting, will result in MUCH SLOWER run time] Perform parametric bootstrap resampling to derive site-level null LRT distributions up to this many replicates per site. Recommended use for small to medium (<30 sequences) datasets (permissible range = [0,1000], default value = 50, integer): 
>resample => 0


### Branches to include in the FEL analysis
Selected 22 branches to include in FEL calculations: `XM_038429434_1_PREDICTED_Canis_lupus_familiaris_brain_derived_neurotrophic_factor_BDNF_transcript_variant_X1_mRNA, XM_005216334_4_PREDICTED_Bos_taurus_brain_derived_neurotrophic_factor_BDNF_transcript_variant_X1_mRNA, XM_012096129_4_PREDICTED_Ovis_aries_brain_derived_neurotrophic_factor_BDNF_transcript_variant_X2_mRNA, XM_005654684_3_PREDICTED_Sus_scrofa_brain_derived_neurotrophic_factor_BDNF_transcript_variant_X1_mRNA, XM_029555090_1_PREDICTED_Nannospalax_galili_brain_derived_neurotrophic_factor_Bdnf_transcript_variant_X1_mRNA, NM_001048142_1_Mus_musculus_brain_derived_neurotrophic_factor_Bdnf_transcript_variant_4_mRNA, NM_001270630_1_Rattus_norvegicus_brain_derived_neurotrophic_factor_Bdnf_transcript_variant_1_mRNA, XM_007653166_4_PREDICTED_Cricetulus_griseus_brain_derived_neurotrophic_factor_Bdnf_transcript_variant_X1_mRNA, XM_007497196_2_PREDICTED_Monodelphis_domestica_brain_derived_neurotrophic_factor_BDNF_transcript_variant_X1_mRNA, XM_031944159_1_PREDICTED_Sarcophilus_harrisii_brain_derived_neurotrophic_factor_BDNF_transcript_variant_X1_mRNA, XM_036763631_1_PREDICTED_Trichosurus_vulpecula_brain_derived_neurotrophic_factor_BDNF_mRNA, XM_020977976_1_PREDICTED_Phascolarctos_cinereus_brain_derived_neurotrophic_factor_BDNF_transcript_variant_X1_mRNA, XM_015114598_2_PREDICTED_Macaca_mulatta_brain_derived_neurotrophic_factor_BDNF_transcript_variant_X1_mRNA, NM_001709_5_Homo_sapiens_brain_derived_neurotrophic_factor_BDNF_transcript_variant_4_mRNA, XM_009007854_3_PREDICTED_Callithrix_jacchus_brain_derived_neurotrophic_factor_BDNF_transcript_variant_X1_mRNA, NM_001012441_1_Pan_troglodytes_brain_derived_neurotrophic_factor_BDNF_mRNA, Node77, Node75, Node73, NM_001009828_1_Felis_catus_brain_derived_neurotrophic_factor_BDNF_mRNA, XM_011226480_3_PREDICTED_Ailuropoda_melanoleuca_brain_derived_neurotrophic_factor_BDNF_mRNA, NM_001081787_1_Equus_caballus_brain_derived_neurotrophic_factor_BDNF_mRNA`

>precision => standard


### Obtaining branch lengths and nucleotide substitution biases under the nucleotide GTR model

>kill-zero-lengths => Yes

### Deleted 7 zero-length internal branches: `Node100, Node109, Node2, Node25, Node43, Node89, Node99`
* Log(L) = -2652.86, AIC-c =  5547.28 (120 estimated parameters)
* 1 partition. Total tree length by partition (subs/site)  1.643

### Obtaining the global omega estimate based on relative GTR branch lengths and nucleotide substitution biases
* Log(L) = -2435.15, AIC-c =  5117.12 (121 estimated parameters)
* 1 partition. Total tree length by partition (subs/site)  1.701
* non-synonymous/synonymous rate ratio for *background* =   0.1323
* non-synonymous/synonymous rate ratio for *test* =   0.1308

>full-model => Yes

### Improving branch lengths, nucleotide substitution biases, and global dN/dS ratios under a full codon model
* Log(L) = -2421.48, AIC-c =  5089.78 (121 estimated parameters)
* 1 partition. Total tree length by partition (subs/site)  1.713
* non-synonymous/synonymous rate ratio for *background* =   0.1137
* non-synonymous/synonymous rate ratio for *test* =   0.1201

### For partition 1 these sites are significant at p <=0.1

|     Codon      |   Partition    |     alpha      |      beta      |      LRT       |Selection detected?|dN/dS with confidence intervals|
|:--------------:|:--------------:|:--------------:|:--------------:|:--------------:|:-----------------:|:-----------------------------:|
|       [32m11[0m       |       [32m1[0m        |   [32m     0.981[0m   |   [32m     0.000[0m   |   [32m     3.684[0m   |  [32mNeg. p = 0.0549[0m  |   [32m  0.000(   0.00-   0.86)[0m    |
|       [32m21[0m       |       [32m1[0m        |   [32m     2.457[0m   |   [32m     0.388[0m   |   [32m     3.594[0m   |  [32mNeg. p = 0.0580[0m  |   [32m  0.158(   0.01-   0.72)[0m    |
|       [32m23[0m       |       [32m1[0m        |   [32m     1.640[0m   |   [32m     0.000[0m   |   [32m     5.619[0m   |  [32mNeg. p = 0.0178[0m  |   [32m  0.000(   0.00-   0.49)[0m    |
|       [32m27[0m       |       [32m1[0m        |   [32m     0.959[0m   |   [32m     0.000[0m   |   [32m     3.384[0m   |  [32mNeg. p = 0.0658[0m  |   [32m  0.000(   0.00-   0.95)[0m    |
|       [32m28[0m       |       [32m1[0m        |   [32m     1.690[0m   |   [32m     0.000[0m   |   [32m     5.340[0m   |  [32mNeg. p = 0.0208[0m  |   [32m  0.000(   0.00-   0.58)[0m    |
|       [32m29[0m       |       [32m1[0m        |   [32m     2.984[0m   |   [32m     0.000[0m   |   [32m     7.761[0m   |  [32mNeg. p = 0.0053[0m  |   [32m  0.000(   0.00-   0.39)[0m    |
|       [32m30[0m       |       [32m1[0m        |   [32m     1.577[0m   |   [32m     0.000[0m   |   [32m     5.929[0m   |  [32mNeg. p = 0.0149[0m  |   [32m  0.000(   0.00-   0.50)[0m    |
|       [32m38[0m       |       [32m1[0m        |   [32m     3.722[0m   |   [32m     0.426[0m   |   [32m     6.712[0m   |  [32mNeg. p = 0.0096[0m  |   [32m  0.114(   0.01-   0.53)[0m    |
|       [32m39[0m       |       [32m1[0m        |   [32m     3.619[0m   |   [32m     0.000[0m   |   [32m    10.342[0m   |  [32mNeg. p = 0.0013[0m  |   [32m  0.000(   0.00-   0.27)[0m    |
|       [32m49[0m       |       [32m1[0m        |   [32m     0.981[0m   |   [32m     0.000[0m   |   [32m     3.322[0m   |  [32mNeg. p = 0.0684[0m  |   [32m  0.000(   0.00-   0.93)[0m    |
|       [32m51[0m       |       [32m1[0m        |   [32m     1.067[0m   |   [32m     0.000[0m   |   [32m     4.223[0m   |  [32mNeg. p = 0.0399[0m  |   [32m  0.000(   0.00-   0.72)[0m    |
|       [32m52[0m       |       [32m1[0m        |   [32m     2.500[0m   |   [32m     0.000[0m   |   [32m     7.362[0m   |  [32mNeg. p = 0.0067[0m  |   [32m  0.000(   0.00-   0.35)[0m    |
|       [32m53[0m       |       [32m1[0m        |   [32m     0.898[0m   |   [32m     0.000[0m   |   [32m     2.739[0m   |  [32mNeg. p = 0.0979[0m  |   [32m  0.000(   0.00-   1.11)[0m    |
|       [32m54[0m       |       [32m1[0m        |   [32m     4.124[0m   |   [32m     0.000[0m   |   [32m    10.703[0m   |  [32mNeg. p = 0.0011[0m  |   [32m  0.000(   0.00-   0.21)[0m    |
|       [32m56[0m       |       [32m1[0m        |   [32m     4.441[0m   |   [32m     0.000[0m   |   [32m    12.375[0m   |  [32mNeg. p = 0.0004[0m  |   [32m  0.000(   0.00-   0.16)[0m    |
|       [32m57[0m       |       [32m1[0m        |   [32m     1.827[0m   |   [32m     0.000[0m   |   [32m     5.131[0m   |  [32mNeg. p = 0.0235[0m  |   [32m  0.000(   0.00-   0.55)[0m    |
|       [32m59[0m       |       [32m1[0m        |   [32m     1.011[0m   |   [32m     0.000[0m   |   [32m     2.733[0m   |  [32mNeg. p = 0.0983[0m  |   [32m  0.000(   0.00-   1.22)[0m    |
|       [32m61[0m       |       [32m1[0m        |   [32m     3.427[0m   |   [32m     0.000[0m   |   [32m     8.852[0m   |  [32mNeg. p = 0.0029[0m  |   [32m  0.000(   0.00-   0.28)[0m    |
|       [32m62[0m       |       [32m1[0m        |   [32m     1.961[0m   |   [32m     0.000[0m   |   [32m     4.533[0m   |  [32mNeg. p = 0.0333[0m  |   [32m  0.000(   0.00-   0.53)[0m    |
|       [32m67[0m       |       [32m1[0m        |   [32m     1.464[0m   |   [32m     0.000[0m   |   [32m     4.250[0m   |  [32mNeg. p = 0.0393[0m  |   [32m  0.000(   0.00-   0.74)[0m    |
|       [32m70[0m       |       [32m1[0m        |   [32m     1.763[0m   |   [32m     0.000[0m   |   [32m     5.060[0m   |  [32mNeg. p = 0.0245[0m  |   [32m  0.000(   0.00-   0.57)[0m    |
|       [32m71[0m       |       [32m1[0m        |   [32m     3.024[0m   |   [32m     0.000[0m   |   [32m     7.773[0m   |  [32mNeg. p = 0.0053[0m  |   [32m  0.000(   0.00-   0.34)[0m    |
|       [32m74[0m       |       [32m1[0m        |   [32m     1.261[0m   |   [32m     0.000[0m   |   [32m     3.505[0m   |  [32mNeg. p = 0.0612[0m  |   [32m  0.000(   0.00-   0.66)[0m    |
|       [32m75[0m       |       [32m1[0m        |   [32m     1.365[0m   |   [32m     0.000[0m   |   [32m     3.917[0m   |  [32mNeg. p = 0.0478[0m  |   [32m  0.000(   0.00-   0.68)[0m    |
|       [32m79[0m       |       [32m1[0m        |   [32m    12.761[0m   |   [32m     0.000[0m   |   [32m    17.511[0m   |  [32mNeg. p = 0.0000[0m  |   [32m  0.000(   0.00-   0.08)[0m    |
|       [32m80[0m       |       [32m1[0m        |   [32m     2.838[0m   |   [32m     0.428[0m   |   [32m     4.433[0m   |  [32mNeg. p = 0.0352[0m  |   [32m  0.151(   0.01-   0.69)[0m    |
|       [32m82[0m       |       [32m1[0m        |   [32m     2.200[0m   |   [32m     0.000[0m   |   [32m     6.971[0m   |  [32mNeg. p = 0.0083[0m  |   [32m  0.000(   0.00-   0.40)[0m    |
|       [32m86[0m       |       [32m1[0m        |   [32m     0.895[0m   |   [32m     0.000[0m   |   [32m     3.263[0m   |  [32mNeg. p = 0.0709[0m  |   [32m  0.000(   0.00-   0.74)[0m    |
|       [32m87[0m       |       [32m1[0m        |   [32m     1.618[0m   |   [32m     0.000[0m   |   [32m     5.867[0m   |  [32mNeg. p = 0.0154[0m  |   [32m  0.000(   0.00-   0.42)[0m    |
|       [32m93[0m       |       [32m1[0m        |   [32m     1.828[0m   |   [32m     0.000[0m   |   [32m     6.263[0m   |  [32mNeg. p = 0.0123[0m  |   [32m  0.000(   0.00-   0.46)[0m    |
|       [32m94[0m       |       [32m1[0m        |   [32m     1.733[0m   |   [32m     0.000[0m   |   [32m     6.112[0m   |  [32mNeg. p = 0.0134[0m  |   [32m  0.000(   0.00-   0.49)[0m    |
|       [32m95[0m       |       [32m1[0m        |   [32m     2.119[0m   |   [32m     0.000[0m   |   [32m     5.295[0m   |  [32mNeg. p = 0.0214[0m  |   [32m  0.000(   0.00-   0.57)[0m    |
|       [32m97[0m       |       [32m1[0m        |   [32m     2.551[0m   |   [32m     0.000[0m   |   [32m     7.533[0m   |  [32mNeg. p = 0.0061[0m  |   [32m  0.000(   0.00-   0.34)[0m    |
|       [32m99[0m       |       [32m1[0m        |   [32m     4.263[0m   |   [32m     0.000[0m   |   [32m    10.605[0m   |  [32mNeg. p = 0.0011[0m  |   [32m  0.000(   0.00-   0.27)[0m    |

### ** Found _0_ sites under pervasive positive diversifying and _34_ sites under negative selection at p <= 0.1**
