multiple-files: No

Analysis Description
--------------------
RELAX (a random effects test of selection relaxation) uses a random
effects branch-site model framework to test whether a set of 'Test'
branches evolves under relaxed selection relative to a set of
'Reference' branches (R), as measured by the relaxation parameter (K).
Version 2.1 adds a check for stability in K estimates to try to mitigate
convergence problems. Version 3 provides support for >2 branch sets.
Version 3.1 adds LHC + Nedler-Mead initial fit phase and keyword
support. Version 3.1.1 adds some bug fixes for better convergence.
Version 4.0 adds support for synonymous rate variation. Version 4.1 adds
further support for multiple hit models. Version 4.1.1 adds reporting
for convergence diagnostics. Version 4.5 adds support for multiple
datasets for joint testing.

- __Requirements__: in-frame codon alignment and a phylogenetic tree, with at least two
groups of branches defined using the {} notation (one group can be
defined as all unlabeled branches)

- __Citation__: RELAX: Detecting Relaxed Selection in a Phylogenetic Framework (2015).
Mol Biol Evol 32 (3): 820-832

- __Written by__: Sergei L Kosakovsky Pond, Ben Murrell, Steven Weaver and Temple iGEM /
UCSD viral evolution g

- __Contact Information__: spond@temple.edu

- __Analysis Version__: 4.5


>code => Universal

-------
>[WARNING]
'/Users/alex/Documents/AOC/results/BDNF-64/gard/segments/BDNF-64.part3.codon.fas'
contains 21 duplicate sequences. Identical sequences do not contribute
any information to the analysis and only slow down computation. Please
consider removing duplicate or 'nearly' duplicate sequences, e.g. using
https://github.com/veg/hyphy-analyses/tree/master/remove-duplicates
prior to running selection analyses
-------
/Users/alex/Documents/AOC/results/BDNF-64/selection/part3/FastTree.labelled.treefile
results/BDNF-64/selection/part3/FastTree.labelled.treefile

>Loaded a multiple sequence alignment with **60** sequences, **33** codons, and **1** partitions from `/Users/alex/Documents/AOC/results/BDNF-64/gard/segments/BDNF-64.part3.codon.fas`

>test => Test
The number of points in the initial distributional guess for likelihood fitting (permissible range = [1,10000], default value = 250, integer): 
>grid-size => 250
The number of initial random guesses to 'seed' rate values optimization (permissible range = [1,25], default value = 1, integer): 
>starting-points => 1


### Branch sets for RELAX analysis

>multiple-hits => None

* Selected 84 branches as the _Reference_ set: `Node1, Node10, Node102, Node103, Node12, Node13, Node14, Node17, Node18, Node2, Node20, Node23, Node27, Node31, Node37, Node38, Node4, Node41, Node42, Node48, Node5, Node53, Node54, Node59, Node6, Node60, Node61, Node67, Node68, Node69, Node7, Node71, Node72, Node73, Node78, Node79, Node83, Node85, Node86, Node87, Node89, Node94, Node96, XM_004408653_1_PREDICTED_Odobenus_rosmarus_divergens_brain_derived_neurotrophic_factor_BDNF_transcript_variant_X1_mRNA, XM_004585440_1_PREDICTED_Ochotona_princeps_brain_derived_neurotrophic_factor_BDNF_transcript_variant_X1_mRNA, XM_004644113_2_PREDICTED_Octodon_degus_brain_derived_neurotrophic_factor_Bdnf_transcript_variant_X1_mRNA, XM_004660846_2_PREDICTED_Jaculus_jaculus_brain_derived_neurotrophic_factor_Bdnf_transcript_variant_X1_mRNA, XM_004851581_3_PREDICTED_Heterocephalus_glaber_brain_derived_neurotrophic_factor_Bdnf_transcript_variant_X1_mRNA, XM_005401751_2_PREDICTED_Chinchilla_lanigera_brain_derived_neurotrophic_factor_Bdnf_transcript_variant_X1_mRNA, XM_005890667_2_PREDICTED_Bos_mutus_brain_derived_neurotrophic_factor_BDNF_transcript_variant_X1_mRNA, XM_006068006_2_PREDICTED_Bubalus_bubalis_brain_derived_neurotrophic_factor_BDNF_transcript_variant_X2_mRNA, XM_008686880_2_PREDICTED_Ursus_maritimus_brain_derived_neurotrophic_factor_BDNF_mRNA, XM_010831788_1_PREDICTED_Bison_bison_bison_brain_derived_neurotrophic_factor_BDNF_transcript_variant_X1_mRNA, XM_013019592_1_PREDICTED_Dipodomys_ordii_brain_derived_neurotrophic_factor_Bdnf_transcript_variant_X1_mRNA, XM_013147262_2_PREDICTED_Cavia_porcellus_brain_derived_neurotrophic_factor_Bdnf_transcript_variant_X1_mRNA, XM_015476449_1_PREDICTED_Marmota_marmota_marmota_brain_derived_neurotrophic_factor_Bdnf_transcript_variant_X1_mRNA, XM_015544869_1_PREDICTED_Panthera_tigris_altaica_brain_derived_neurotrophic_factor_BDNF_mRNA, XM_019974522_1_PREDICTED_Bos_indicus_brain_derived_neurotrophic_factor_BDNF_mRNA, XM_020177315_1_PREDICTED_Castor_canadensis_brain_derived_neurotrophic_factor_Bdnf_mRNA, XM_020903256_1_PREDICTED_Odocoileus_virginianus_texanus_brain_derived_neurotrophic_factor_BDNF_transcript_variant_X1_mRNA, XM_021151236_2_PREDICTED_Mus_caroli_brain_derived_neurotrophic_factor_Bdnf_mRNA, XM_021192829_2_PREDICTED_Mus_pahari_brain_derived_neurotrophic_factor_Bdnf_mRNA, XM_021685880_1_PREDICTED_Neomonachus_schauinslandi_brain_derived_neurotrophic_factor_BDNF_transcript_variant_X1_mRNA, XM_025879326_1_PREDICTED_Callorhinus_ursinus_brain_derived_neurotrophic_factor_BDNF_mRNA, XM_026018600_1_PREDICTED_Vulpes_vulpes_brain_derived_neurotrophic_factor_BDNF_transcript_variant_X1_mRNA, XM_026412272_1_PREDICTED_Urocitellus_parryii_brain_derived_neurotrophic_factor_Bdnf_transcript_variant_X1_mRNA, XM_027577807_1_PREDICTED_Zalophus_californianus_brain_derived_neurotrophic_factor_BDNF_transcript_variant_X1_mRNA, XM_027852578_1_PREDICTED_Vombatus_ursinus_brain_derived_neurotrophic_factor_BDNF_transcript_variant_X1_mRNA, XM_027936596_1_PREDICTED_Marmota_flaviventris_brain_derived_neurotrophic_factor_Bdnf_transcript_variant_X1_mRNA, XM_028117708_1_PREDICTED_Eumetopias_jubatus_brain_derived_neurotrophic_factor_BDNF_transcript_variant_X1_mRNA, XM_029957152_1_PREDICTED_Suricata_suricatta_brain_derived_neurotrophic_factor_BDNF_transcript_variant_X1_mRNA, XM_030333208_1_PREDICTED_Lynx_canadensis_brain_derived_neurotrophic_factor_BDNF_mRNA, XM_031025064_1_PREDICTED_Leptonychotes_weddellii_brain_derived_neurotrophic_factor_BDNF_transcript_variant_X1_mRNA, XM_031371313_1_PREDICTED_Mastomys_coucha_brain_derived_neurotrophic_factor_Bdnf_transcript_variant_X1_mRNA, XM_032414183_1_PREDICTED_Phoca_vitulina_brain_derived_neurotrophic_factor_BDNF_transcript_variant_X6_mRNA, XM_032903861_1_PREDICTED_Rattus_rattus_brain_derived_neurotrophic_factor_Bdnf_transcript_variant_X1_mRNA, XM_033764060_1_PREDICTED_Fukomys_damarensis_brain_derived_neurotrophic_factor_Bdnf_mRNA, XM_035012477_1_PREDICTED_Mirounga_leonina_brain_derived_neurotrophic_factor_BDNF_mRNA, XM_036109493_1_PREDICTED_Halichoerus_grypus_brain_derived_neurotrophic_factor_BDNF_transcript_variant_X1_mRNA, XM_037204438_1_PREDICTED_Peromyscus_leucopus_brain_derived_neurotrophic_factor_Bdnf_mRNA, XM_039217098_1_PREDICTED_Hyaena_hyaena_brain_derived_neurotrophic_factor_BDNF_mRNA, XM_040284582_1_PREDICTED_Ictidomys_tridecemlineatus_brain_derived_neurotrophic_factor_Bdnf_transcript_variant_X1_mRNA, XM_040980297_1_PREDICTED_Ochotona_curzoniae_brain_derived_neurotrophic_factor_BDNF_transcript_variant_X1_mRNA, XM_041730708_1_PREDICTED_Vulpes_lagopus_brain_derived_neurotrophic_factor_BDNF_transcript_variant_X1_mRNA`

* Selected 22 branches as the _Test_ set: `NM_001009828_1_Felis_catus_brain_derived_neurotrophic_factor_BDNF_mRNA, NM_001012441_1_Pan_troglodytes_brain_derived_neurotrophic_factor_BDNF_mRNA, NM_001048142_1_Mus_musculus_brain_derived_neurotrophic_factor_Bdnf_transcript_variant_4_mRNA, NM_001081787_1_Equus_caballus_brain_derived_neurotrophic_factor_BDNF_mRNA, NM_001270630_1_Rattus_norvegicus_brain_derived_neurotrophic_factor_Bdnf_transcript_variant_1_mRNA, NM_001709_5_Homo_sapiens_brain_derived_neurotrophic_factor_BDNF_transcript_variant_4_mRNA, Node24, Node32, Node33, XM_005216334_4_PREDICTED_Bos_taurus_brain_derived_neurotrophic_factor_BDNF_transcript_variant_X1_mRNA, XM_005654684_3_PREDICTED_Sus_scrofa_brain_derived_neurotrophic_factor_BDNF_transcript_variant_X1_mRNA, XM_007497196_2_PREDICTED_Monodelphis_domestica_brain_derived_neurotrophic_factor_BDNF_transcript_variant_X1_mRNA, XM_007653166_4_PREDICTED_Cricetulus_griseus_brain_derived_neurotrophic_factor_Bdnf_transcript_variant_X1_mRNA, XM_009007854_3_PREDICTED_Callithrix_jacchus_brain_derived_neurotrophic_factor_BDNF_transcript_variant_X1_mRNA, XM_011226480_3_PREDICTED_Ailuropoda_melanoleuca_brain_derived_neurotrophic_factor_BDNF_mRNA, XM_012096129_4_PREDICTED_Ovis_aries_brain_derived_neurotrophic_factor_BDNF_transcript_variant_X2_mRNA, XM_015114598_2_PREDICTED_Macaca_mulatta_brain_derived_neurotrophic_factor_BDNF_transcript_variant_X1_mRNA, XM_020977976_1_PREDICTED_Phascolarctos_cinereus_brain_derived_neurotrophic_factor_BDNF_transcript_variant_X1_mRNA, XM_029555090_1_PREDICTED_Nannospalax_galili_brain_derived_neurotrophic_factor_Bdnf_transcript_variant_X1_mRNA, XM_031944159_1_PREDICTED_Sarcophilus_harrisii_brain_derived_neurotrophic_factor_BDNF_transcript_variant_X1_mRNA, XM_036763631_1_PREDICTED_Trichosurus_vulpecula_brain_derived_neurotrophic_factor_BDNF_mRNA, XM_038429434_1_PREDICTED_Canis_lupus_familiaris_brain_derived_neurotrophic_factor_BDNF_transcript_variant_X1_mRNA`
The number omega rate classes to include in the model (permissible range = [2,10], default value = 3, integer): 
>rates => 3

>models => All

>srv => No


### Obtaining branch lengths and nucleotide substitution biases under the nucleotide GTR model

>kill-zero-lengths => Yes

### Deleted 25 zero-length internal branches: `Node10, Node13, Node2, Node20, Node23, Node27, Node31, Node33, Node38, Node4, Node41, Node42, Node54, Node6, Node60, Node61, Node67, Node7, Node72, Node73, Node79, Node87, Node89, Node94, Node96`
* Log(L) =  -442.13, AIC-c =  1116.77 (114 estimated parameters)
* 1 partition. Total tree length by partition (subs/site)  0.531

### Obtaining the global omega estimate based on relative GTR branch lengths and nucleotide substitution biases
* Log(L) =  -429.92, AIC-c =  1063.95 (97 estimated parameters)
* 1 partition. Total tree length by partition (subs/site)  0.556
* non-synonymous/synonymous rate ratio for *Reference* =   0.3392
* non-synonymous/synonymous rate ratio for *Test* =   0.3442

### Improving branch lengths, nucleotide substitution biases, and global dN/dS ratios under a full codon model
* Log(L) =  -429.20, AIC-c =  1062.50 (97 estimated parameters)
* 1 partition. Total tree length by partition (subs/site)  0.558
* non-synonymous/synonymous rate ratio for *Reference* =   0.3058
* non-synonymous/synonymous rate ratio for *Test* =   0.3247

### Fitting the general descriptive (separate k per branch) model

### * Log(L) =  -405.82, AIC-c =  1210.29 (181 estimated parameters)
* The following baseline rate distribution for branch-site combinations was inferred

|          Selection mode           |     dN/dS     |Proportion, %|               Notes               |
|-----------------------------------|---------------|-------------|-----------------------------------|
|        Negative selection         |     0.000     |   72.478    |                                   |
|        Negative selection         |     0.000     |   21.762    |       Collapsed rate class        |
|      Diversifying selection       |    17.362     |    5.760    |                                   |

* Branch-level relaxation or intensification parameter distribution has mean  1.26, median  0.88, and 95% of the weight in  0.04 -  6.15

### Fitting the alternative model to test K != 1
* Log(L) =  -421.10, AIC-c =  1055.16 (101 estimated parameters)
* Relaxation/intensification parameter (K) =     0.50
* The following rate distribution was inferred for **test** branches

|          Selection mode           |     dN/dS     |Proportion, %|               Notes               |
|-----------------------------------|---------------|-------------|-----------------------------------|
|        Negative selection         |     0.036     |   79.751    |                                   |
|        Negative selection         |     0.037     |   17.519    |       Collapsed rate class        |
|      Diversifying selection       |    11.688     |    2.730    |                                   |

* The following rate distribution was inferred for **reference** branches

|          Selection mode           |     dN/dS     |Proportion, %|               Notes               |
|-----------------------------------|---------------|-------------|-----------------------------------|
|        Negative selection         |     0.001     |   79.751    |                                   |
|        Negative selection         |     0.001     |   17.519    |       Collapsed rate class        |
|      Diversifying selection       |    142.663    |    2.730    |                                   |


### * Potential convergence issues due to flat likelihood surfaces; checking to see whether K > 1 or K < 1 is robustly inferred

### * Attempt to fit an alternative direction of K
* Log(L) =  -421.93, AIC-c =  1056.83 (101 estimated parameters)
* Relaxation/intensification parameter (K) =     1.00
* The following rate distribution was inferred for **test** branches

|          Selection mode           |     dN/dS     |Proportion, %|               Notes               |
|-----------------------------------|---------------|-------------|-----------------------------------|
|        Negative selection         |     0.000     |   79.723    |                                   |
|        Negative selection         |     0.000     |   17.667    |       Collapsed rate class        |
|      Diversifying selection       |    129.947    |    2.611    |                                   |

* The following rate distribution was inferred for **reference** branches

|          Selection mode           |     dN/dS     |Proportion, %|               Notes               |
|-----------------------------------|---------------|-------------|-----------------------------------|
|        Negative selection         |     0.000     |   79.723    |                                   |
|        Negative selection         |     0.000     |   17.667    |       Collapsed rate class        |
|      Diversifying selection       |    129.947    |    2.611    |                                   |


### Fitting the null (K := 1) model
* Log(L) =  -421.93, AIC-c =  1054.61 (100 estimated parameters)
* The following rate distribution for test/reference branches was inferred

|          Selection mode           |     dN/dS     |Proportion, %|               Notes               |
|-----------------------------------|---------------|-------------|-----------------------------------|
|        Negative selection         |     0.000     |   80.316    |                                   |
|        Negative selection         |     0.000     |   17.073    |       Collapsed rate class        |
|      Diversifying selection       |    130.200    |    2.612    |                                   |

----
## Test for relaxation (or intensification) of selection [RELAX]
Likelihood ratio test **p =   0.1968**.
>No significant evidence for relaxation (or intensification) of selection among **test** branches _relative_ to the **reference** branches at P<=0.05
----


### Fitting the partitioned descriptive model (completely separate rate distributions for branch sets)
* Log(L) =  -420.69, AIC-c =  1063.26 (105 estimated parameters)
* The following rate distribution was inferred for *test* branches 

|          Selection mode           |     dN/dS     |Proportion, %|               Notes               |
|-----------------------------------|---------------|-------------|-----------------------------------|
|        Negative selection         |     0.000     |   57.470    |                                   |
|        Negative selection         |     0.000     |   36.874    |       Collapsed rate class        |
|      Diversifying selection       |     7.195     |    5.656    |                                   |

* The following rate distribution was inferred for *reference* branches 

|          Selection mode           |     dN/dS     |Proportion, %|               Notes               |
|-----------------------------------|---------------|-------------|-----------------------------------|
|        Negative selection         |     0.000     |   80.296    |                                   |
|        Negative selection         |     0.000     |   17.098    |       Collapsed rate class        |
|      Diversifying selection       |    140.668    |    2.605    |                                   |

END
