Config file config/config.yaml is extended by additional config specified via the command line.
Assuming unrestricted shared filesystem usage.
host: Alexs-MacBook-Pro-2.local
Building DAG of jobs...
Using shell: /bin/bash
Provided cores: 10
Rules claiming more threads will be scaled down.
Job stats:
job                               count
------------------------------  -------
MergeABSRELCSVs                       1
MergeBUSTEDS_MH_CSVs                  1
MergeCFELCSVs                         1
MergeFELCSVs                          1
MergeMEMECSVs                         1
MergeRELAXCSVs                        1
PlotFELMerge                          1
PlotMEMEMerge                         1
SelectionOverviewTable                1
all                                   1
build_header_map_and_test_list        1
cln                                   1
macse                                 1
parse_gard                            1
recombination                         1
remove_duplicates_msa                 1
run_selection_all_partitions          1
strike_ambigs_msa                     1
tn93_cluster                          1
total                                19

Select jobs to execute...
Failed to solve scheduling problem with ILP solver, falling back to greedy scheduler. You likely have to fix your ILP solver installation. Error message: PULP_CBC_CMD: Not Available (check permissions on cbc)
Execute 2 jobs...
[Sat Jul  4 05:40:36 2026]
localrule macse:
    input: /Users/alex/Documents/AOC/data/BDNF/BDNF-64.fasta
    output: results/BDNF-64/BDNF-64.codons.fa, results/BDNF-64/BDNF-64.aa.fa
    log: results/logs/macse.BDNF-64.log
    jobid: 4
    reason: Missing output files: results/BDNF-64/BDNF-64.codons.fa
    wildcards: sample=BDNF-64
    resources: tmpdir=/var/folders/3l/76gtv9qd0v3_8hn3cb7hfbs40000gn/T, mem_mb=2048, mem_mib=1954
Shell command: 
        mkdir -p results/BDNF-64
        bash "scripts/run_macse_with_heap.sh" \
          --macse-bin "macse" \
          --xms-mb 512 \
          --xmx-mb 2048 \
          -- \
          -prog alignSequences \
          -seq "/Users/alex/Documents/AOC/data/BDNF/BDNF-64.fasta" \
          -out_NT "results/BDNF-64/BDNF-64.codons.fa" \
          -out_AA "results/BDNF-64/BDNF-64.aa.fa" \
          -max_refine_iter 3 \
          -local_realign_init 0.3 \
          -local_realign_dec 0.2 \
          > results/logs/macse.BDNF-64.log 2>&1
        
[Sat Jul  4 05:40:36 2026]
localrule build_header_map_and_test_list:
    input: /Users/alex/Documents/AOC/data/BDNF/BDNF-64.sequence_labels.csv
    output: results/BDNF-64/BDNF-64.sequence_header_map.csv, results/BDNF-64/BDNF-64.test_sequences.txt
    log: results/logs/build_header_map_and_test_list.BDNF-64.log
    jobid: 9
    reason: Missing output files: results/BDNF-64/BDNF-64.sequence_header_map.csv, results/BDNF-64/BDNF-64.test_sequences.txt
    wildcards: sample=BDNF-64
    resources: tmpdir=/var/folders/3l/76gtv9qd0v3_8hn3cb7hfbs40000gn/T
Shell command: None
[Sat Jul  4 05:40:39 2026]
Finished jobid: 9 (Rule: build_header_map_and_test_list)
1 of 19 steps (5%) done
[Sat Jul  4 05:40:55 2026]
Finished jobid: 4 (Rule: macse)
2 of 19 steps (11%) done
Select jobs to execute...
Execute 1 jobs...
[Sat Jul  4 05:40:55 2026]
localrule cln:
    input: results/BDNF-64/BDNF-64.codons.fa
    output: results/BDNF-64/BDNF-64.codons.cln.fa
    log: results/logs/cln.BDNF-64.log
    jobid: 3
    reason: Missing output files: results/BDNF-64/BDNF-64.codons.cln.fa; Input files updated by another job: results/BDNF-64/BDNF-64.codons.fa
    wildcards: sample=BDNF-64
    resources: tmpdir=/var/folders/3l/76gtv9qd0v3_8hn3cb7hfbs40000gn/T
Shell command: 
        hyphy CLN Universal results/BDNF-64/BDNF-64.codons.fa 'No/No' results/BDNF-64/BDNF-64.codons.cln.fa > results/logs/cln.BDNF-64.log 2>&1
        
[Sat Jul  4 05:40:55 2026]
Finished jobid: 3 (Rule: cln)
3 of 19 steps (16%) done
Select jobs to execute...
Execute 1 jobs...
[Sat Jul  4 05:40:55 2026]
localrule strike_ambigs_msa:
    input: results/BDNF-64/BDNF-64.codons.cln.fa
    output: results/BDNF-64/BDNF-64.SA.codons.cln.fa
    log: results/logs/strike_ambigs_msa.BDNF-64.log
    jobid: 2
    reason: Missing output files: results/BDNF-64/BDNF-64.SA.codons.cln.fa; Input files updated by another job: results/BDNF-64/BDNF-64.codons.cln.fa
    wildcards: sample=BDNF-64
    resources: tmpdir=/var/folders/3l/76gtv9qd0v3_8hn3cb7hfbs40000gn/T
Shell command: 
        hyphy scripts/strike-ambigs.bf --alignment results/BDNF-64/BDNF-64.codons.cln.fa --output results/BDNF-64/BDNF-64.SA.codons.cln.fa > results/logs/strike_ambigs_msa.BDNF-64.log 2>&1
        
[Sat Jul  4 05:40:56 2026]
Finished jobid: 2 (Rule: strike_ambigs_msa)
4 of 19 steps (21%) done
Select jobs to execute...
Execute 1 jobs...
[Sat Jul  4 05:40:56 2026]
localrule remove_duplicates_msa:
    input: results/BDNF-64/BDNF-64.SA.codons.cln.fa
    output: results/BDNF-64/BDNF-64.RD.SA.codons.cln.fa
    log: results/logs/remove_duplicates_msa.BDNF-64.log
    jobid: 1
    reason: Missing output files: results/BDNF-64/BDNF-64.RD.SA.codons.cln.fa; Input files updated by another job: results/BDNF-64/BDNF-64.SA.codons.cln.fa
    wildcards: sample=BDNF-64
    resources: tmpdir=/var/folders/3l/76gtv9qd0v3_8hn3cb7hfbs40000gn/T
Shell command: 
        hyphy software/remove-duplicates/remove-duplicates.bf --msa results/BDNF-64/BDNF-64.SA.codons.cln.fa --output results/BDNF-64/BDNF-64.RD.SA.codons.cln.fa ENV='DATA_FILE_PRINT_FORMAT=9' > results/logs/remove_duplicates_msa.BDNF-64.log 2>&1
        
[Sat Jul  4 05:40:56 2026]
Finished jobid: 1 (Rule: remove_duplicates_msa)
5 of 19 steps (26%) done
Select jobs to execute...
Execute 1 jobs...
[Sat Jul  4 05:40:56 2026]
localrule tn93_cluster:
    input: results/BDNF-64/BDNF-64.RD.SA.codons.cln.fa
    output: results/BDNF-64/BDNF-64.RD.SA.codons.cln.fa.cluster.json, results/BDNF-64/BDNF-64.RD.SA.codons.cln.fa.cluster.fasta
    log: results/logs/tn93_cluster.BDNF-64.log
    jobid: 6
    reason: Missing output files: results/BDNF-64/BDNF-64.RD.SA.codons.cln.fa.cluster.fasta; Input files updated by another job: results/BDNF-64/BDNF-64.RD.SA.codons.cln.fa
    wildcards: sample=BDNF-64
    resources: tmpdir=/var/folders/3l/76gtv9qd0v3_8hn3cb7hfbs40000gn/T
Shell command: 
        python scripts/tn93_cluster.py \
          --input results/BDNF-64/BDNF-64.RD.SA.codons.cln.fa \
          --output_fasta results/BDNF-64/BDNF-64.RD.SA.codons.cln.fa.cluster.fasta \
          --output_json results/BDNF-64/BDNF-64.RD.SA.codons.cln.fa.cluster.json \
          --threshold 0.01 \
          --max_retain 20 \
          > results/logs/tn93_cluster.BDNF-64.log 2>&1
        
[Sat Jul  4 05:40:56 2026]
Finished jobid: 6 (Rule: tn93_cluster)
6 of 19 steps (32%) done
Select jobs to execute...
Execute 1 jobs...
[Sat Jul  4 05:40:56 2026]
localrule recombination:
    input: results/BDNF-64/BDNF-64.RD.SA.codons.cln.fa.cluster.fasta
    output: results/BDNF-64/BDNF-64.RD.SA.codons.cln.fa.cluster.fasta.GARD.json, results/BDNF-64/BDNF-64.RD.SA.codons.cln.fa.cluster.fasta.best-gard
    log: results/logs/recombination.BDNF-64.log
    jobid: 5
    reason: Missing output files: results/BDNF-64/BDNF-64.RD.SA.codons.cln.fa.cluster.fasta.best-gard; Input files updated by another job: results/BDNF-64/BDNF-64.RD.SA.codons.cln.fa.cluster.fasta
    wildcards: sample=BDNF-64
    threads: 4
    resources: tmpdir=/var/folders/3l/76gtv9qd0v3_8hn3cb7hfbs40000gn/T
Shell command: 
        mpirun -np 4 HYPHYMPI GARD --alignment results/BDNF-64/BDNF-64.RD.SA.codons.cln.fa.cluster.fasta --rv GDD --output results/BDNF-64/BDNF-64.RD.SA.codons.cln.fa.cluster.fasta.GARD.json --mode Faster ENV='TOLERATE_NUMERICAL_ERRORS=1;' \
          > results/logs/recombination.BDNF-64.log 2>&1
        
[Sat Jul  4 06:12:09 2026]
Finished jobid: 5 (Rule: recombination)
7 of 19 steps (37%) done
Select jobs to execute...
Execute 1 jobs...
[Sat Jul  4 06:12:09 2026]
localcheckpoint parse_gard:
    input: results/BDNF-64/BDNF-64.RD.SA.codons.cln.fa.cluster.fasta.best-gard, results/BDNF-64/BDNF-64.RD.SA.codons.cln.fa
    output: results/BDNF-64/gard/segments.json, results/BDNF-64/gard/segments, results/BDNF-64/BDNF-64.gard.log
    jobid: 8
    reason: Missing output files: <TBD>; Input files updated by another job: results/BDNF-64/BDNF-64.RD.SA.codons.cln.fa.cluster.fasta.best-gard, results/BDNF-64/BDNF-64.RD.SA.codons.cln.fa
    wildcards: sample=BDNF-64
    resources: tmpdir=/var/folders/3l/76gtv9qd0v3_8hn3cb7hfbs40000gn/T
Shell command: None
DAG of jobs will be updated after completion.
[Sat Jul  4 06:12:12 2026]
Finished jobid: 8 (Rule: parse_gard)
8 of 19 steps (42%) done
Updating checkpoint dependencies.
Select jobs to execute...
Execute 5 jobs...
[Sat Jul  4 06:12:12 2026]
localrule fasttree_partition:
    input: results/BDNF-64/gard/segments/BDNF-64.part2.codon.fas
    output: results/BDNF-64/selection/part2/FastTree.treefile
    log: results/logs/fasttree_partition.BDNF-64.part2.log
    jobid: 45
    reason: Missing output files: results/BDNF-64/selection/part2/FastTree.treefile
    wildcards: sample=BDNF-64, part=2
    resources: tmpdir=/var/folders/3l/76gtv9qd0v3_8hn3cb7hfbs40000gn/T
Shell command: 
        mkdir -p results/BDNF-64/selection/part2
        FastTree -nt -gtr results/BDNF-64/gard/segments/BDNF-64.part2.codon.fas > results/BDNF-64/selection/part2/FastTree.treefile 2> results/logs/fasttree_partition.BDNF-64.part2.log
        
[Sat Jul  4 06:12:12 2026]
localrule fasttree_partition:
    input: results/BDNF-64/gard/segments/BDNF-64.part4.codon.fas
    output: results/BDNF-64/selection/part4/FastTree.treefile
    log: results/logs/fasttree_partition.BDNF-64.part4.log
    jobid: 61
    reason: Missing output files: results/BDNF-64/selection/part4/FastTree.treefile
    wildcards: sample=BDNF-64, part=4
    resources: tmpdir=/var/folders/3l/76gtv9qd0v3_8hn3cb7hfbs40000gn/T
Shell command: 
        mkdir -p results/BDNF-64/selection/part4
        FastTree -nt -gtr results/BDNF-64/gard/segments/BDNF-64.part4.codon.fas > results/BDNF-64/selection/part4/FastTree.treefile 2> results/logs/fasttree_partition.BDNF-64.part4.log
        
[Sat Jul  4 06:12:12 2026]
localrule fasttree_partition:
    input: results/BDNF-64/gard/segments/BDNF-64.part5.codon.fas
    output: results/BDNF-64/selection/part5/FastTree.treefile
    log: results/logs/fasttree_partition.BDNF-64.part5.log
    jobid: 69
    reason: Missing output files: results/BDNF-64/selection/part5/FastTree.treefile
    wildcards: sample=BDNF-64, part=5
    resources: tmpdir=/var/folders/3l/76gtv9qd0v3_8hn3cb7hfbs40000gn/T
Shell command: 
        mkdir -p results/BDNF-64/selection/part5
        FastTree -nt -gtr results/BDNF-64/gard/segments/BDNF-64.part5.codon.fas > results/BDNF-64/selection/part5/FastTree.treefile 2> results/logs/fasttree_partition.BDNF-64.part5.log
        
[Sat Jul  4 06:12:12 2026]
localrule fasttree_partition:
    input: results/BDNF-64/gard/segments/BDNF-64.part3.codon.fas
    output: results/BDNF-64/selection/part3/FastTree.treefile
    log: results/logs/fasttree_partition.BDNF-64.part3.log
    jobid: 53
    reason: Missing output files: results/BDNF-64/selection/part3/FastTree.treefile
    wildcards: sample=BDNF-64, part=3
    resources: tmpdir=/var/folders/3l/76gtv9qd0v3_8hn3cb7hfbs40000gn/T
Shell command: 
        mkdir -p results/BDNF-64/selection/part3
        FastTree -nt -gtr results/BDNF-64/gard/segments/BDNF-64.part3.codon.fas > results/BDNF-64/selection/part3/FastTree.treefile 2> results/logs/fasttree_partition.BDNF-64.part3.log
        
[Sat Jul  4 06:12:12 2026]
localrule fasttree_partition:
    input: results/BDNF-64/gard/segments/BDNF-64.part1.codon.fas
    output: results/BDNF-64/selection/part1/FastTree.treefile
    log: results/logs/fasttree_partition.BDNF-64.part1.log
    jobid: 37
    reason: Missing output files: results/BDNF-64/selection/part1/FastTree.treefile
    wildcards: sample=BDNF-64, part=1
    resources: tmpdir=/var/folders/3l/76gtv9qd0v3_8hn3cb7hfbs40000gn/T
Shell command: 
        mkdir -p results/BDNF-64/selection/part1
        FastTree -nt -gtr results/BDNF-64/gard/segments/BDNF-64.part1.codon.fas > results/BDNF-64/selection/part1/FastTree.treefile 2> results/logs/fasttree_partition.BDNF-64.part1.log
        
[Sat Jul  4 06:12:13 2026]
Finished jobid: 45 (Rule: fasttree_partition)
9 of 89 steps (10%) done
Select jobs to execute...
Execute 1 jobs...
[Sat Jul  4 06:12:13 2026]
localrule label_tree_TestForeground_partition:
    input: results/BDNF-64/selection/part2/FastTree.treefile, results/BDNF-64/BDNF-64.test_sequences.txt
    output: results/BDNF-64/selection/part2/FastTree.labelled.treefile
    log: results/logs/label_tree_TestForeground_partition.BDNF-64.part2.log
    jobid: 44
    reason: Missing output files: results/BDNF-64/selection/part2/FastTree.labelled.treefile; Input files updated by another job: results/BDNF-64/selection/part2/FastTree.treefile
    wildcards: sample=BDNF-64, part=2
    resources: tmpdir=/var/folders/3l/76gtv9qd0v3_8hn3cb7hfbs40000gn/T
Shell command: None
[Sat Jul  4 06:12:13 2026]
Finished jobid: 53 (Rule: fasttree_partition)
10 of 89 steps (11%) done
Select jobs to execute...
Execute 1 jobs...
[Sat Jul  4 06:12:13 2026]
localrule label_tree_TestForeground_partition:
    input: results/BDNF-64/selection/part3/FastTree.treefile, results/BDNF-64/BDNF-64.test_sequences.txt
    output: results/BDNF-64/selection/part3/FastTree.labelled.treefile
    log: results/logs/label_tree_TestForeground_partition.BDNF-64.part3.log
    jobid: 52
    reason: Missing output files: results/BDNF-64/selection/part3/FastTree.labelled.treefile; Input files updated by another job: results/BDNF-64/selection/part3/FastTree.treefile
    wildcards: sample=BDNF-64, part=3
    resources: tmpdir=/var/folders/3l/76gtv9qd0v3_8hn3cb7hfbs40000gn/T
Shell command: None
[Sat Jul  4 06:12:13 2026]
Finished jobid: 37 (Rule: fasttree_partition)
11 of 89 steps (12%) done
Select jobs to execute...
Execute 1 jobs...
[Sat Jul  4 06:12:13 2026]
localrule label_tree_TestForeground_partition:
    input: results/BDNF-64/selection/part1/FastTree.treefile, results/BDNF-64/BDNF-64.test_sequences.txt
    output: results/BDNF-64/selection/part1/FastTree.labelled.treefile
    log: results/logs/label_tree_TestForeground_partition.BDNF-64.part1.log
    jobid: 36
    reason: Missing output files: results/BDNF-64/selection/part1/FastTree.labelled.treefile; Input files updated by another job: results/BDNF-64/selection/part1/FastTree.treefile
    wildcards: sample=BDNF-64, part=1
    resources: tmpdir=/var/folders/3l/76gtv9qd0v3_8hn3cb7hfbs40000gn/T
Shell command: None
[Sat Jul  4 06:12:13 2026]
Finished jobid: 61 (Rule: fasttree_partition)
12 of 89 steps (13%) done
Select jobs to execute...
Execute 1 jobs...
[Sat Jul  4 06:12:13 2026]
localrule label_tree_TestForeground_partition:
    input: results/BDNF-64/selection/part4/FastTree.treefile, results/BDNF-64/BDNF-64.test_sequences.txt
    output: results/BDNF-64/selection/part4/FastTree.labelled.treefile
    log: results/logs/label_tree_TestForeground_partition.BDNF-64.part4.log
    jobid: 60
    reason: Missing output files: results/BDNF-64/selection/part4/FastTree.labelled.treefile; Input files updated by another job: results/BDNF-64/selection/part4/FastTree.treefile
    wildcards: sample=BDNF-64, part=4
    resources: tmpdir=/var/folders/3l/76gtv9qd0v3_8hn3cb7hfbs40000gn/T
Shell command: None
[Sat Jul  4 06:12:13 2026]
Finished jobid: 69 (Rule: fasttree_partition)
13 of 89 steps (15%) done
Select jobs to execute...
Execute 1 jobs...
[Sat Jul  4 06:12:13 2026]
localrule label_tree_TestForeground_partition:
    input: results/BDNF-64/selection/part5/FastTree.treefile, results/BDNF-64/BDNF-64.test_sequences.txt
    output: results/BDNF-64/selection/part5/FastTree.labelled.treefile
    log: results/logs/label_tree_TestForeground_partition.BDNF-64.part5.log
    jobid: 68
    reason: Missing output files: results/BDNF-64/selection/part5/FastTree.labelled.treefile; Input files updated by another job: results/BDNF-64/selection/part5/FastTree.treefile
    wildcards: sample=BDNF-64, part=5
    resources: tmpdir=/var/folders/3l/76gtv9qd0v3_8hn3cb7hfbs40000gn/T
Shell command: None
[Sat Jul  4 06:12:16 2026]
Finished jobid: 44 (Rule: label_tree_TestForeground_partition)
14 of 89 steps (16%) done
Select jobs to execute...
Execute 6 jobs...
[Sat Jul  4 06:12:16 2026]
localrule RELAX_partition:
    input: results/BDNF-64/gard/segments/BDNF-64.part2.codon.fas, results/BDNF-64/selection/part2/FastTree.labelled.treefile, results/BDNF-64/BDNF-64.test_sequences.txt
    output: results/BDNF-64/selection/part2/RELAX.json
    log: results/logs/RELAX_partition.BDNF-64.part2.log
    jobid: 49
    reason: Missing output files: results/BDNF-64/selection/part2/RELAX.json; Input files updated by another job: results/BDNF-64/selection/part2/FastTree.labelled.treefile
    wildcards: sample=BDNF-64, part=2
    resources: tmpdir=/var/folders/3l/76gtv9qd0v3_8hn3cb7hfbs40000gn/T
Shell command: None
[Sat Jul  4 06:12:16 2026]
localrule MEME_partition:
    input: results/BDNF-64/gard/segments/BDNF-64.part2.codon.fas, results/BDNF-64/selection/part2/FastTree.labelled.treefile
    output: results/BDNF-64/selection/part2/MEME.json
    log: results/logs/MEME_partition.BDNF-64.part2.log
    jobid: 46
    reason: Missing output files: results/BDNF-64/selection/part2/MEME.json; Input files updated by another job: results/BDNF-64/selection/part2/FastTree.labelled.treefile
    wildcards: sample=BDNF-64, part=2
    resources: tmpdir=/var/folders/3l/76gtv9qd0v3_8hn3cb7hfbs40000gn/T
Shell command: 
        mkdir -p results/BDNF-64/selection/part2
        hyphy MEME --alignment results/BDNF-64/gard/segments/BDNF-64.part2.codon.fas --tree results/BDNF-64/selection/part2/FastTree.labelled.treefile --output results/BDNF-64/selection/part2/MEME.json --branches Test ENV='TOLERATE_NUMERICAL_ERRORS=1;' > results/logs/MEME_partition.BDNF-64.part2.log 2>&1
        
[Sat Jul  4 06:12:16 2026]
localrule BUSTEDS_MH_partition:
    input: results/BDNF-64/gard/segments/BDNF-64.part2.codon.fas, results/BDNF-64/selection/part2/FastTree.labelled.treefile
    output: results/BDNF-64/selection/part2/BUSTEDS-MH.json
    log: results/logs/BUSTEDS_MH_partition.BDNF-64.part2.log
    jobid: 48
    reason: Missing output files: results/BDNF-64/selection/part2/BUSTEDS-MH.json; Input files updated by another job: results/BDNF-64/selection/part2/FastTree.labelled.treefile
    wildcards: sample=BDNF-64, part=2
    resources: tmpdir=/var/folders/3l/76gtv9qd0v3_8hn3cb7hfbs40000gn/T
Shell command: 
        mkdir -p results/BDNF-64/selection/part2
        hyphy BUSTED \
          --alignment results/BDNF-64/gard/segments/BDNF-64.part2.codon.fas \
          --tree results/BDNF-64/selection/part2/FastTree.labelled.treefile \
          --output results/BDNF-64/selection/part2/BUSTEDS-MH.json \
          --srv Yes \
          --multiple-hits Double+Triple \
          --branches Test \
          > results/logs/BUSTEDS_MH_partition.BDNF-64.part2.log 2>&1
        
[Sat Jul  4 06:12:16 2026]
localrule CFEL_partition:
    input: results/BDNF-64/gard/segments/BDNF-64.part2.codon.fas, results/BDNF-64/selection/part2/FastTree.labelled.treefile, results/BDNF-64/BDNF-64.test_sequences.txt
    output: results/BDNF-64/selection/part2/CFEL.json
    log: results/logs/CFEL_partition.BDNF-64.part2.log
    jobid: 50
    reason: Missing output files: results/BDNF-64/selection/part2/CFEL.json; Input files updated by another job: results/BDNF-64/selection/part2/FastTree.labelled.treefile
    wildcards: sample=BDNF-64, part=2
    resources: tmpdir=/var/folders/3l/76gtv9qd0v3_8hn3cb7hfbs40000gn/T
Shell command: None
[Sat Jul  4 06:12:16 2026]
localrule FEL_partition:
    input: results/BDNF-64/gard/segments/BDNF-64.part2.codon.fas, results/BDNF-64/selection/part2/FastTree.labelled.treefile
    output: results/BDNF-64/selection/part2/FEL.json
    log: results/logs/FEL_partition.BDNF-64.part2.log
    jobid: 43
    reason: Missing output files: results/BDNF-64/selection/part2/FEL.json; Input files updated by another job: results/BDNF-64/selection/part2/FastTree.labelled.treefile
    wildcards: sample=BDNF-64, part=2
    resources: tmpdir=/var/folders/3l/76gtv9qd0v3_8hn3cb7hfbs40000gn/T
Shell command: 
        mkdir -p results/BDNF-64/selection/part2
        hyphy FEL --alignment results/BDNF-64/gard/segments/BDNF-64.part2.codon.fas --tree results/BDNF-64/selection/part2/FastTree.labelled.treefile --output results/BDNF-64/selection/part2/FEL.json --ci Yes --branches Test > results/logs/FEL_partition.BDNF-64.part2.log 2>&1
        
[Sat Jul  4 06:12:16 2026]
localrule ABSREL_partition:
    input: results/BDNF-64/gard/segments/BDNF-64.part2.codon.fas, results/BDNF-64/selection/part2/FastTree.labelled.treefile
    output: results/BDNF-64/selection/part2/ABSREL.json
    log: results/logs/ABSREL_partition.BDNF-64.part2.log
    jobid: 47
    reason: Missing output files: results/BDNF-64/selection/part2/ABSREL.json; Input files updated by another job: results/BDNF-64/selection/part2/FastTree.labelled.treefile
    wildcards: sample=BDNF-64, part=2
    resources: tmpdir=/var/folders/3l/76gtv9qd0v3_8hn3cb7hfbs40000gn/T
Shell command: 
        mkdir -p results/BDNF-64/selection/part2
        hyphy ABSREL --alignment results/BDNF-64/gard/segments/BDNF-64.part2.codon.fas --tree results/BDNF-64/selection/part2/FastTree.labelled.treefile --output results/BDNF-64/selection/part2/ABSREL.json --branches Test > results/logs/ABSREL_partition.BDNF-64.part2.log 2>&1
        
[Sat Jul  4 06:12:16 2026]
Finished jobid: 52 (Rule: label_tree_TestForeground_partition)
15 of 89 steps (17%) done
Select jobs to execute...
Execute 6 jobs...
[Sat Jul  4 06:12:16 2026]
localrule FEL_partition:
    input: results/BDNF-64/gard/segments/BDNF-64.part3.codon.fas, results/BDNF-64/selection/part3/FastTree.labelled.treefile
    output: results/BDNF-64/selection/part3/FEL.json
    log: results/logs/FEL_partition.BDNF-64.part3.log
    jobid: 51
    reason: Missing output files: results/BDNF-64/selection/part3/FEL.json; Input files updated by another job: results/BDNF-64/selection/part3/FastTree.labelled.treefile
    wildcards: sample=BDNF-64, part=3
    resources: tmpdir=/var/folders/3l/76gtv9qd0v3_8hn3cb7hfbs40000gn/T
Shell command: 
        mkdir -p results/BDNF-64/selection/part3
        hyphy FEL --alignment results/BDNF-64/gard/segments/BDNF-64.part3.codon.fas --tree results/BDNF-64/selection/part3/FastTree.labelled.treefile --output results/BDNF-64/selection/part3/FEL.json --ci Yes --branches Test > results/logs/FEL_partition.BDNF-64.part3.log 2>&1
        
[Sat Jul  4 06:12:16 2026]
localrule ABSREL_partition:
    input: results/BDNF-64/gard/segments/BDNF-64.part3.codon.fas, results/BDNF-64/selection/part3/FastTree.labelled.treefile
    output: results/BDNF-64/selection/part3/ABSREL.json
    log: results/logs/ABSREL_partition.BDNF-64.part3.log
    jobid: 55
    reason: Missing output files: results/BDNF-64/selection/part3/ABSREL.json; Input files updated by another job: results/BDNF-64/selection/part3/FastTree.labelled.treefile
    wildcards: sample=BDNF-64, part=3
    resources: tmpdir=/var/folders/3l/76gtv9qd0v3_8hn3cb7hfbs40000gn/T
Shell command: 
        mkdir -p results/BDNF-64/selection/part3
        hyphy ABSREL --alignment results/BDNF-64/gard/segments/BDNF-64.part3.codon.fas --tree results/BDNF-64/selection/part3/FastTree.labelled.treefile --output results/BDNF-64/selection/part3/ABSREL.json --branches Test > results/logs/ABSREL_partition.BDNF-64.part3.log 2>&1
        
[Sat Jul  4 06:12:16 2026]
localrule RELAX_partition:
    input: results/BDNF-64/gard/segments/BDNF-64.part3.codon.fas, results/BDNF-64/selection/part3/FastTree.labelled.treefile, results/BDNF-64/BDNF-64.test_sequences.txt
    output: results/BDNF-64/selection/part3/RELAX.json
    log: results/logs/RELAX_partition.BDNF-64.part3.log
    jobid: 57
    reason: Missing output files: results/BDNF-64/selection/part3/RELAX.json; Input files updated by another job: results/BDNF-64/selection/part3/FastTree.labelled.treefile
    wildcards: sample=BDNF-64, part=3
    resources: tmpdir=/var/folders/3l/76gtv9qd0v3_8hn3cb7hfbs40000gn/T
Shell command: None
[Sat Jul  4 06:12:16 2026]
localrule MEME_partition:
    input: results/BDNF-64/gard/segments/BDNF-64.part3.codon.fas, results/BDNF-64/selection/part3/FastTree.labelled.treefile
    output: results/BDNF-64/selection/part3/MEME.json
    log: results/logs/MEME_partition.BDNF-64.part3.log
    jobid: 54
    reason: Missing output files: results/BDNF-64/selection/part3/MEME.json; Input files updated by another job: results/BDNF-64/selection/part3/FastTree.labelled.treefile
    wildcards: sample=BDNF-64, part=3
    resources: tmpdir=/var/folders/3l/76gtv9qd0v3_8hn3cb7hfbs40000gn/T
Shell command: 
        mkdir -p results/BDNF-64/selection/part3
        hyphy MEME --alignment results/BDNF-64/gard/segments/BDNF-64.part3.codon.fas --tree results/BDNF-64/selection/part3/FastTree.labelled.treefile --output results/BDNF-64/selection/part3/MEME.json --branches Test ENV='TOLERATE_NUMERICAL_ERRORS=1;' > results/logs/MEME_partition.BDNF-64.part3.log 2>&1
        
[Sat Jul  4 06:12:16 2026]
localrule BUSTEDS_MH_partition:
    input: results/BDNF-64/gard/segments/BDNF-64.part3.codon.fas, results/BDNF-64/selection/part3/FastTree.labelled.treefile
    output: results/BDNF-64/selection/part3/BUSTEDS-MH.json
    log: results/logs/BUSTEDS_MH_partition.BDNF-64.part3.log
    jobid: 56
    reason: Missing output files: results/BDNF-64/selection/part3/BUSTEDS-MH.json; Input files updated by another job: results/BDNF-64/selection/part3/FastTree.labelled.treefile
    wildcards: sample=BDNF-64, part=3
    resources: tmpdir=/var/folders/3l/76gtv9qd0v3_8hn3cb7hfbs40000gn/T
Shell command: 
        mkdir -p results/BDNF-64/selection/part3
        hyphy BUSTED \
          --alignment results/BDNF-64/gard/segments/BDNF-64.part3.codon.fas \
          --tree results/BDNF-64/selection/part3/FastTree.labelled.treefile \
          --output results/BDNF-64/selection/part3/BUSTEDS-MH.json \
          --srv Yes \
          --multiple-hits Double+Triple \
          --branches Test \
          > results/logs/BUSTEDS_MH_partition.BDNF-64.part3.log 2>&1
        
[Sat Jul  4 06:12:16 2026]
localrule CFEL_partition:
    input: results/BDNF-64/gard/segments/BDNF-64.part3.codon.fas, results/BDNF-64/selection/part3/FastTree.labelled.treefile, results/BDNF-64/BDNF-64.test_sequences.txt
    output: results/BDNF-64/selection/part3/CFEL.json
    log: results/logs/CFEL_partition.BDNF-64.part3.log
    jobid: 58
    reason: Missing output files: results/BDNF-64/selection/part3/CFEL.json; Input files updated by another job: results/BDNF-64/selection/part3/FastTree.labelled.treefile
    wildcards: sample=BDNF-64, part=3
    resources: tmpdir=/var/folders/3l/76gtv9qd0v3_8hn3cb7hfbs40000gn/T
Shell command: None
[Sat Jul  4 06:12:16 2026]
Finished jobid: 36 (Rule: label_tree_TestForeground_partition)
16 of 89 steps (18%) done
[Sat Jul  4 06:12:16 2026]
Finished jobid: 60 (Rule: label_tree_TestForeground_partition)
17 of 89 steps (19%) done
Select jobs to execute...
Execute 2 jobs...
[Sat Jul  4 06:12:16 2026]
localrule CFEL_partition:
    input: results/BDNF-64/gard/segments/BDNF-64.part4.codon.fas, results/BDNF-64/selection/part4/FastTree.labelled.treefile, results/BDNF-64/BDNF-64.test_sequences.txt
    output: results/BDNF-64/selection/part4/CFEL.json
    log: results/logs/CFEL_partition.BDNF-64.part4.log
    jobid: 66
    reason: Missing output files: results/BDNF-64/selection/part4/CFEL.json; Input files updated by another job: results/BDNF-64/selection/part4/FastTree.labelled.treefile
    wildcards: sample=BDNF-64, part=4
    resources: tmpdir=/var/folders/3l/76gtv9qd0v3_8hn3cb7hfbs40000gn/T
Shell command: None
[Sat Jul  4 06:12:16 2026]
localrule RELAX_partition:
    input: results/BDNF-64/gard/segments/BDNF-64.part4.codon.fas, results/BDNF-64/selection/part4/FastTree.labelled.treefile, results/BDNF-64/BDNF-64.test_sequences.txt
    output: results/BDNF-64/selection/part4/RELAX.json
    log: results/logs/RELAX_partition.BDNF-64.part4.log
    jobid: 65
    reason: Missing output files: results/BDNF-64/selection/part4/RELAX.json; Input files updated by another job: results/BDNF-64/selection/part4/FastTree.labelled.treefile
    wildcards: sample=BDNF-64, part=4
    resources: tmpdir=/var/folders/3l/76gtv9qd0v3_8hn3cb7hfbs40000gn/T
Shell command: None
Select jobs to execute...
[Sat Jul  4 06:12:16 2026]
Finished jobid: 68 (Rule: label_tree_TestForeground_partition)
18 of 89 steps (20%) done
Execute 1 jobs...
[Sat Jul  4 06:12:16 2026]
localrule RELAX_partition:
    input: results/BDNF-64/gard/segments/BDNF-64.part5.codon.fas, results/BDNF-64/selection/part5/FastTree.labelled.treefile, results/BDNF-64/BDNF-64.test_sequences.txt
    output: results/BDNF-64/selection/part5/RELAX.json
    log: results/logs/RELAX_partition.BDNF-64.part5.log
    jobid: 73
    reason: Missing output files: results/BDNF-64/selection/part5/RELAX.json; Input files updated by another job: results/BDNF-64/selection/part5/FastTree.labelled.treefile
    wildcards: sample=BDNF-64, part=5
    resources: tmpdir=/var/folders/3l/76gtv9qd0v3_8hn3cb7hfbs40000gn/T
Shell command: None
Select jobs to execute...
[Sat Jul  4 06:12:44 2026]
Finished jobid: 51 (Rule: FEL_partition)
19 of 89 steps (21%) done
Execute 1 jobs...
[Sat Jul  4 06:12:44 2026]
localrule PlotFEL_partition:
    input: results/BDNF-64/selection/part3/FEL.json
    output: results/BDNF-64/tables/part3/BDNF-64.part3.AOC.FEL_Results.csv, results/BDNF-64/visualizations/part3/BDNF-64.part3.FEL.png, results/BDNF-64/visualizations/part3/BDNF-64.part3.FEL.svg, results/BDNF-64/visualizations/part3/BDNF-64.part3.FEL.figure_legend.txt
    log: results/logs/PlotFEL_partition.BDNF-64.part3.log
    jobid: 77
    reason: Missing output files: results/BDNF-64/tables/part3/BDNF-64.part3.AOC.FEL_Results.csv; Input files updated by another job: results/BDNF-64/selection/part3/FEL.json
    wildcards: sample=BDNF-64, part=3
    resources: tmpdir=/var/folders/3l/76gtv9qd0v3_8hn3cb7hfbs40000gn/T
Shell command: None
Select jobs to execute...
[Sat Jul  4 06:12:46 2026]
Finished jobid: 54 (Rule: MEME_partition)
20 of 89 steps (22%) done
Execute 1 jobs...
[Sat Jul  4 06:12:46 2026]
localrule PlotMEME_partition:
    input: results/BDNF-64/selection/part3/MEME.json
    output: results/BDNF-64/tables/part3/BDNF-64.part3.AOC.MEME_Results.csv, results/BDNF-64/visualizations/part3/BDNF-64.part3.MEME.png, results/BDNF-64/visualizations/part3/BDNF-64.part3.MEME.svg, results/BDNF-64/visualizations/part3/BDNF-64.part3.MEME.figure_legend.txt
    log: results/logs/PlotMEME_partition.BDNF-64.part3.log
    jobid: 82
    reason: Missing output files: results/BDNF-64/tables/part3/BDNF-64.part3.AOC.MEME_Results.csv; Input files updated by another job: results/BDNF-64/selection/part3/MEME.json
    wildcards: sample=BDNF-64, part=3
    resources: tmpdir=/var/folders/3l/76gtv9qd0v3_8hn3cb7hfbs40000gn/T
Shell command: None
Select jobs to execute...
[Sat Jul  4 06:12:49 2026]
Finished jobid: 58 (Rule: CFEL_partition)
21 of 89 steps (24%) done
Execute 1 jobs...
[Sat Jul  4 06:12:49 2026]
localrule TableCFEL_partition:
    input: results/BDNF-64/selection/part3/CFEL.json
    output: results/BDNF-64/tables/part3/BDNF-64.part3.AOC.CFEL_Results.csv
    log: results/logs/TableCFEL_partition.BDNF-64.part3.log
    jobid: 102
    reason: Missing output files: results/BDNF-64/tables/part3/BDNF-64.part3.AOC.CFEL_Results.csv; Input files updated by another job: results/BDNF-64/selection/part3/CFEL.json
    wildcards: sample=BDNF-64, part=3
    resources: tmpdir=/var/folders/3l/76gtv9qd0v3_8hn3cb7hfbs40000gn/T
Shell command: None
Select jobs to execute...
[Sat Jul  4 06:13:02 2026]
Finished jobid: 55 (Rule: ABSREL_partition)
22 of 89 steps (25%) done
Execute 1 jobs...
[Sat Jul  4 06:13:02 2026]
localrule TableABSREL_partition:
    input: results/BDNF-64/selection/part3/ABSREL.json
    output: results/BDNF-64/tables/part3/BDNF-64.part3.AOC.ABSREL_Results.csv
    log: results/logs/TableABSREL_partition.BDNF-64.part3.log
    jobid: 87
    reason: Missing output files: results/BDNF-64/tables/part3/BDNF-64.part3.AOC.ABSREL_Results.csv; Input files updated by another job: results/BDNF-64/selection/part3/ABSREL.json
    wildcards: sample=BDNF-64, part=3
    resources: tmpdir=/var/folders/3l/76gtv9qd0v3_8hn3cb7hfbs40000gn/T
Shell command: None
Select jobs to execute...
[Sat Jul  4 06:13:31 2026]
Finished jobid: 102 (Rule: TableCFEL_partition)
23 of 89 steps (26%) done
Execute 1 jobs...
[Sat Jul  4 06:13:31 2026]
localrule CFEL_partition:
    input: results/BDNF-64/gard/segments/BDNF-64.part5.codon.fas, results/BDNF-64/selection/part5/FastTree.labelled.treefile, results/BDNF-64/BDNF-64.test_sequences.txt
    output: results/BDNF-64/selection/part5/CFEL.json
    log: results/logs/CFEL_partition.BDNF-64.part5.log
    jobid: 74
    reason: Missing output files: results/BDNF-64/selection/part5/CFEL.json; Input files updated by another job: results/BDNF-64/selection/part5/FastTree.labelled.treefile
    wildcards: sample=BDNF-64, part=5
    resources: tmpdir=/var/folders/3l/76gtv9qd0v3_8hn3cb7hfbs40000gn/T
Shell command: None
Select jobs to execute...
[Sat Jul  4 06:13:33 2026]
Finished jobid: 87 (Rule: TableABSREL_partition)
24 of 89 steps (27%) done
Execute 1 jobs...
[Sat Jul  4 06:13:33 2026]
localrule ABSREL_partition:
    input: results/BDNF-64/gard/segments/BDNF-64.part5.codon.fas, results/BDNF-64/selection/part5/FastTree.labelled.treefile
    output: results/BDNF-64/selection/part5/ABSREL.json
    log: results/logs/ABSREL_partition.BDNF-64.part5.log
    jobid: 71
    reason: Missing output files: results/BDNF-64/selection/part5/ABSREL.json; Input files updated by another job: results/BDNF-64/selection/part5/FastTree.labelled.treefile
    wildcards: sample=BDNF-64, part=5
    resources: tmpdir=/var/folders/3l/76gtv9qd0v3_8hn3cb7hfbs40000gn/T
Shell command: 
        mkdir -p results/BDNF-64/selection/part5
        hyphy ABSREL --alignment results/BDNF-64/gard/segments/BDNF-64.part5.codon.fas --tree results/BDNF-64/selection/part5/FastTree.labelled.treefile --output results/BDNF-64/selection/part5/ABSREL.json --branches Test > results/logs/ABSREL_partition.BDNF-64.part5.log 2>&1
        
Select jobs to execute...
[Sat Jul  4 06:13:37 2026]
Finished jobid: 77 (Rule: PlotFEL_partition)
25 of 89 steps (28%) done
Execute 1 jobs...
[Sat Jul  4 06:13:37 2026]
localrule MEME_partition:
    input: results/BDNF-64/gard/segments/BDNF-64.part5.codon.fas, results/BDNF-64/selection/part5/FastTree.labelled.treefile
    output: results/BDNF-64/selection/part5/MEME.json
    log: results/logs/MEME_partition.BDNF-64.part5.log
    jobid: 70
    reason: Missing output files: results/BDNF-64/selection/part5/MEME.json; Input files updated by another job: results/BDNF-64/selection/part5/FastTree.labelled.treefile
    wildcards: sample=BDNF-64, part=5
    resources: tmpdir=/var/folders/3l/76gtv9qd0v3_8hn3cb7hfbs40000gn/T
Shell command: 
        mkdir -p results/BDNF-64/selection/part5
        hyphy MEME --alignment results/BDNF-64/gard/segments/BDNF-64.part5.codon.fas --tree results/BDNF-64/selection/part5/FastTree.labelled.treefile --output results/BDNF-64/selection/part5/MEME.json --branches Test ENV='TOLERATE_NUMERICAL_ERRORS=1;' > results/logs/MEME_partition.BDNF-64.part5.log 2>&1
        
Select jobs to execute...
[Sat Jul  4 06:13:43 2026]
Finished jobid: 82 (Rule: PlotMEME_partition)
26 of 89 steps (29%) done
Execute 1 jobs...
[Sat Jul  4 06:13:43 2026]
localrule BUSTEDS_MH_partition:
    input: results/BDNF-64/gard/segments/BDNF-64.part5.codon.fas, results/BDNF-64/selection/part5/FastTree.labelled.treefile
    output: results/BDNF-64/selection/part5/BUSTEDS-MH.json
    log: results/logs/BUSTEDS_MH_partition.BDNF-64.part5.log
    jobid: 72
    reason: Missing output files: results/BDNF-64/selection/part5/BUSTEDS-MH.json; Input files updated by another job: results/BDNF-64/selection/part5/FastTree.labelled.treefile
    wildcards: sample=BDNF-64, part=5
    resources: tmpdir=/var/folders/3l/76gtv9qd0v3_8hn3cb7hfbs40000gn/T
Shell command: 
        mkdir -p results/BDNF-64/selection/part5
        hyphy BUSTED \
          --alignment results/BDNF-64/gard/segments/BDNF-64.part5.codon.fas \
          --tree results/BDNF-64/selection/part5/FastTree.labelled.treefile \
          --output results/BDNF-64/selection/part5/BUSTEDS-MH.json \
          --srv Yes \
          --multiple-hits Double+Triple \
          --branches Test \
          > results/logs/BUSTEDS_MH_partition.BDNF-64.part5.log 2>&1
        
Select jobs to execute...
[Sat Jul  4 06:14:02 2026]
Finished jobid: 47 (Rule: ABSREL_partition)
27 of 89 steps (30%) done
Execute 1 jobs...
[Sat Jul  4 06:14:02 2026]
localrule TableABSREL_partition:
    input: results/BDNF-64/selection/part2/ABSREL.json
    output: results/BDNF-64/tables/part2/BDNF-64.part2.AOC.ABSREL_Results.csv
    log: results/logs/TableABSREL_partition.BDNF-64.part2.log
    jobid: 86
    reason: Missing output files: results/BDNF-64/tables/part2/BDNF-64.part2.AOC.ABSREL_Results.csv; Input files updated by another job: results/BDNF-64/selection/part2/ABSREL.json
    wildcards: sample=BDNF-64, part=2
    resources: tmpdir=/var/folders/3l/76gtv9qd0v3_8hn3cb7hfbs40000gn/T
Shell command: None
Select jobs to execute...
[Sat Jul  4 06:14:38 2026]
Finished jobid: 43 (Rule: FEL_partition)
28 of 89 steps (31%) done
[Sat Jul  4 06:14:39 2026]
Finished jobid: 46 (Rule: MEME_partition)
29 of 89 steps (33%) done
Execute 2 jobs...
[Sat Jul  4 06:14:39 2026]
localrule PlotFEL_partition:
    input: results/BDNF-64/selection/part2/FEL.json
    output: results/BDNF-64/tables/part2/BDNF-64.part2.AOC.FEL_Results.csv, results/BDNF-64/visualizations/part2/BDNF-64.part2.FEL.png, results/BDNF-64/visualizations/part2/BDNF-64.part2.FEL.svg, results/BDNF-64/visualizations/part2/BDNF-64.part2.FEL.figure_legend.txt
    log: results/logs/PlotFEL_partition.BDNF-64.part2.log
    jobid: 76
    reason: Missing output files: results/BDNF-64/tables/part2/BDNF-64.part2.AOC.FEL_Results.csv; Input files updated by another job: results/BDNF-64/selection/part2/FEL.json
    wildcards: sample=BDNF-64, part=2
    resources: tmpdir=/var/folders/3l/76gtv9qd0v3_8hn3cb7hfbs40000gn/T
Shell command: None
[Sat Jul  4 06:14:39 2026]
localrule PlotMEME_partition:
    input: results/BDNF-64/selection/part2/MEME.json
    output: results/BDNF-64/tables/part2/BDNF-64.part2.AOC.MEME_Results.csv, results/BDNF-64/visualizations/part2/BDNF-64.part2.MEME.png, results/BDNF-64/visualizations/part2/BDNF-64.part2.MEME.svg, results/BDNF-64/visualizations/part2/BDNF-64.part2.MEME.figure_legend.txt
    log: results/logs/PlotMEME_partition.BDNF-64.part2.log
    jobid: 81
    reason: Missing output files: results/BDNF-64/tables/part2/BDNF-64.part2.AOC.MEME_Results.csv; Input files updated by another job: results/BDNF-64/selection/part2/MEME.json
    wildcards: sample=BDNF-64, part=2
    resources: tmpdir=/var/folders/3l/76gtv9qd0v3_8hn3cb7hfbs40000gn/T
Shell command: None
Select jobs to execute...
[Sat Jul  4 06:14:59 2026]
Finished jobid: 50 (Rule: CFEL_partition)
30 of 89 steps (34%) done
Execute 1 jobs...
[Sat Jul  4 06:14:59 2026]
localrule TableCFEL_partition:
    input: results/BDNF-64/selection/part2/CFEL.json
    output: results/BDNF-64/tables/part2/BDNF-64.part2.AOC.CFEL_Results.csv
    log: results/logs/TableCFEL_partition.BDNF-64.part2.log
    jobid: 101
    reason: Missing output files: results/BDNF-64/tables/part2/BDNF-64.part2.AOC.CFEL_Results.csv; Input files updated by another job: results/BDNF-64/selection/part2/CFEL.json
    wildcards: sample=BDNF-64, part=2
    resources: tmpdir=/var/folders/3l/76gtv9qd0v3_8hn3cb7hfbs40000gn/T
Shell command: None
Select jobs to execute...
[Sat Jul  4 06:15:02 2026]
Finished jobid: 86 (Rule: TableABSREL_partition)
31 of 89 steps (35%) done
Execute 1 jobs...
[Sat Jul  4 06:15:02 2026]
localrule FEL_partition:
    input: results/BDNF-64/gard/segments/BDNF-64.part5.codon.fas, results/BDNF-64/selection/part5/FastTree.labelled.treefile
    output: results/BDNF-64/selection/part5/FEL.json
    log: results/logs/FEL_partition.BDNF-64.part5.log
    jobid: 67
    reason: Missing output files: results/BDNF-64/selection/part5/FEL.json; Input files updated by another job: results/BDNF-64/selection/part5/FastTree.labelled.treefile
    wildcards: sample=BDNF-64, part=5
    resources: tmpdir=/var/folders/3l/76gtv9qd0v3_8hn3cb7hfbs40000gn/T
Shell command: 
        mkdir -p results/BDNF-64/selection/part5
        hyphy FEL --alignment results/BDNF-64/gard/segments/BDNF-64.part5.codon.fas --tree results/BDNF-64/selection/part5/FastTree.labelled.treefile --output results/BDNF-64/selection/part5/FEL.json --ci Yes --branches Test > results/logs/FEL_partition.BDNF-64.part5.log 2>&1
        
Select jobs to execute...
[Sat Jul  4 06:15:13 2026]
Finished jobid: 66 (Rule: CFEL_partition)
32 of 89 steps (36%) done
Execute 1 jobs...
[Sat Jul  4 06:15:13 2026]
localrule TableCFEL_partition:
    input: results/BDNF-64/selection/part4/CFEL.json
    output: results/BDNF-64/tables/part4/BDNF-64.part4.AOC.CFEL_Results.csv
    log: results/logs/TableCFEL_partition.BDNF-64.part4.log
    jobid: 103
    reason: Missing output files: results/BDNF-64/tables/part4/BDNF-64.part4.AOC.CFEL_Results.csv; Input files updated by another job: results/BDNF-64/selection/part4/CFEL.json
    wildcards: sample=BDNF-64, part=4
    resources: tmpdir=/var/folders/3l/76gtv9qd0v3_8hn3cb7hfbs40000gn/T
Shell command: None
Select jobs to execute...
[Sat Jul  4 06:15:24 2026]
Finished jobid: 76 (Rule: PlotFEL_partition)
33 of 89 steps (37%) done
Execute 1 jobs...
[Sat Jul  4 06:15:24 2026]
localrule RELAX_partition:
    input: results/BDNF-64/gard/segments/BDNF-64.part1.codon.fas, results/BDNF-64/selection/part1/FastTree.labelled.treefile, results/BDNF-64/BDNF-64.test_sequences.txt
    output: results/BDNF-64/selection/part1/RELAX.json
    log: results/logs/RELAX_partition.BDNF-64.part1.log
    jobid: 41
    reason: Missing output files: results/BDNF-64/selection/part1/RELAX.json; Input files updated by another job: results/BDNF-64/selection/part1/FastTree.labelled.treefile
    wildcards: sample=BDNF-64, part=1
    resources: tmpdir=/var/folders/3l/76gtv9qd0v3_8hn3cb7hfbs40000gn/T
Shell command: None
Select jobs to execute...
[Sat Jul  4 06:15:24 2026]
Finished jobid: 81 (Rule: PlotMEME_partition)
34 of 89 steps (38%) done
Execute 1 jobs...
[Sat Jul  4 06:15:24 2026]
localrule CFEL_partition:
    input: results/BDNF-64/gard/segments/BDNF-64.part1.codon.fas, results/BDNF-64/selection/part1/FastTree.labelled.treefile, results/BDNF-64/BDNF-64.test_sequences.txt
    output: results/BDNF-64/selection/part1/CFEL.json
    log: results/logs/CFEL_partition.BDNF-64.part1.log
    jobid: 42
    reason: Missing output files: results/BDNF-64/selection/part1/CFEL.json; Input files updated by another job: results/BDNF-64/selection/part1/FastTree.labelled.treefile
    wildcards: sample=BDNF-64, part=1
    resources: tmpdir=/var/folders/3l/76gtv9qd0v3_8hn3cb7hfbs40000gn/T
Shell command: None
Select jobs to execute...
[Sat Jul  4 06:15:25 2026]
Finished jobid: 101 (Rule: TableCFEL_partition)
35 of 89 steps (39%) done
Execute 1 jobs...
[Sat Jul  4 06:15:25 2026]
localrule MEME_partition:
    input: results/BDNF-64/gard/segments/BDNF-64.part4.codon.fas, results/BDNF-64/selection/part4/FastTree.labelled.treefile
    output: results/BDNF-64/selection/part4/MEME.json
    log: results/logs/MEME_partition.BDNF-64.part4.log
    jobid: 62
    reason: Missing output files: results/BDNF-64/selection/part4/MEME.json; Input files updated by another job: results/BDNF-64/selection/part4/FastTree.labelled.treefile
    wildcards: sample=BDNF-64, part=4
    resources: tmpdir=/var/folders/3l/76gtv9qd0v3_8hn3cb7hfbs40000gn/T
Shell command: 
        mkdir -p results/BDNF-64/selection/part4
        hyphy MEME --alignment results/BDNF-64/gard/segments/BDNF-64.part4.codon.fas --tree results/BDNF-64/selection/part4/FastTree.labelled.treefile --output results/BDNF-64/selection/part4/MEME.json --branches Test ENV='TOLERATE_NUMERICAL_ERRORS=1;' > results/logs/MEME_partition.BDNF-64.part4.log 2>&1
        
Select jobs to execute...
[Sat Jul  4 06:15:33 2026]
Finished jobid: 103 (Rule: TableCFEL_partition)
36 of 89 steps (40%) done
Execute 1 jobs...
[Sat Jul  4 06:15:33 2026]
localrule BUSTEDS_MH_partition:
    input: results/BDNF-64/gard/segments/BDNF-64.part4.codon.fas, results/BDNF-64/selection/part4/FastTree.labelled.treefile
    output: results/BDNF-64/selection/part4/BUSTEDS-MH.json
    log: results/logs/BUSTEDS_MH_partition.BDNF-64.part4.log
    jobid: 64
    reason: Missing output files: results/BDNF-64/selection/part4/BUSTEDS-MH.json; Input files updated by another job: results/BDNF-64/selection/part4/FastTree.labelled.treefile
    wildcards: sample=BDNF-64, part=4
    resources: tmpdir=/var/folders/3l/76gtv9qd0v3_8hn3cb7hfbs40000gn/T
Shell command: 
        mkdir -p results/BDNF-64/selection/part4
        hyphy BUSTED \
          --alignment results/BDNF-64/gard/segments/BDNF-64.part4.codon.fas \
          --tree results/BDNF-64/selection/part4/FastTree.labelled.treefile \
          --output results/BDNF-64/selection/part4/BUSTEDS-MH.json \
          --srv Yes \
          --multiple-hits Double+Triple \
          --branches Test \
          > results/logs/BUSTEDS_MH_partition.BDNF-64.part4.log 2>&1
        
Select jobs to execute...
[Sat Jul  4 06:17:25 2026]
Finished jobid: 71 (Rule: ABSREL_partition)
37 of 89 steps (42%) done
Execute 1 jobs...
[Sat Jul  4 06:17:25 2026]
localrule TableABSREL_partition:
    input: results/BDNF-64/selection/part5/ABSREL.json
    output: results/BDNF-64/tables/part5/BDNF-64.part5.AOC.ABSREL_Results.csv
    log: results/logs/TableABSREL_partition.BDNF-64.part5.log
    jobid: 89
    reason: Missing output files: results/BDNF-64/tables/part5/BDNF-64.part5.AOC.ABSREL_Results.csv; Input files updated by another job: results/BDNF-64/selection/part5/ABSREL.json
    wildcards: sample=BDNF-64, part=5
    resources: tmpdir=/var/folders/3l/76gtv9qd0v3_8hn3cb7hfbs40000gn/T
Shell command: None
Select jobs to execute...
[Sat Jul  4 06:17:42 2026]
Finished jobid: 89 (Rule: TableABSREL_partition)
38 of 89 steps (43%) done
Execute 1 jobs...
[Sat Jul  4 06:17:42 2026]
localrule FEL_partition:
    input: results/BDNF-64/gard/segments/BDNF-64.part4.codon.fas, results/BDNF-64/selection/part4/FastTree.labelled.treefile
    output: results/BDNF-64/selection/part4/FEL.json
    log: results/logs/FEL_partition.BDNF-64.part4.log
    jobid: 59
    reason: Missing output files: results/BDNF-64/selection/part4/FEL.json; Input files updated by another job: results/BDNF-64/selection/part4/FastTree.labelled.treefile
    wildcards: sample=BDNF-64, part=4
    resources: tmpdir=/var/folders/3l/76gtv9qd0v3_8hn3cb7hfbs40000gn/T
Shell command: 
        mkdir -p results/BDNF-64/selection/part4
        hyphy FEL --alignment results/BDNF-64/gard/segments/BDNF-64.part4.codon.fas --tree results/BDNF-64/selection/part4/FastTree.labelled.treefile --output results/BDNF-64/selection/part4/FEL.json --ci Yes --branches Test > results/logs/FEL_partition.BDNF-64.part4.log 2>&1
        
Select jobs to execute...
[Sat Jul  4 06:17:58 2026]
Finished jobid: 57 (Rule: RELAX_partition)
39 of 89 steps (44%) done
Execute 1 jobs...
[Sat Jul  4 06:17:58 2026]
localrule TableRELAX_partition:
    input: results/BDNF-64/selection/part3/RELAX.json
    output: results/BDNF-64/tables/part3/BDNF-64.part3.AOC.RELAX_Results.csv
    log: results/logs/TableRELAX_partition.BDNF-64.part3.log
    jobid: 97
    reason: Missing output files: results/BDNF-64/tables/part3/BDNF-64.part3.AOC.RELAX_Results.csv; Input files updated by another job: results/BDNF-64/selection/part3/RELAX.json
    wildcards: sample=BDNF-64, part=3
    resources: tmpdir=/var/folders/3l/76gtv9qd0v3_8hn3cb7hfbs40000gn/T
Shell command: None
Select jobs to execute...
[Sat Jul  4 06:18:38 2026]
Finished jobid: 97 (Rule: TableRELAX_partition)
40 of 89 steps (45%) done
Execute 1 jobs...
[Sat Jul  4 06:18:38 2026]
localrule ABSREL_partition:
    input: results/BDNF-64/gard/segments/BDNF-64.part4.codon.fas, results/BDNF-64/selection/part4/FastTree.labelled.treefile
    output: results/BDNF-64/selection/part4/ABSREL.json
    log: results/logs/ABSREL_partition.BDNF-64.part4.log
    jobid: 63
    reason: Missing output files: results/BDNF-64/selection/part4/ABSREL.json; Input files updated by another job: results/BDNF-64/selection/part4/FastTree.labelled.treefile
    wildcards: sample=BDNF-64, part=4
    resources: tmpdir=/var/folders/3l/76gtv9qd0v3_8hn3cb7hfbs40000gn/T
Shell command: 
        mkdir -p results/BDNF-64/selection/part4
        hyphy ABSREL --alignment results/BDNF-64/gard/segments/BDNF-64.part4.codon.fas --tree results/BDNF-64/selection/part4/FastTree.labelled.treefile --output results/BDNF-64/selection/part4/ABSREL.json --branches Test > results/logs/ABSREL_partition.BDNF-64.part4.log 2>&1
        
Select jobs to execute...
[Sat Jul  4 06:19:40 2026]
Finished jobid: 70 (Rule: MEME_partition)
41 of 89 steps (46%) done
Execute 1 jobs...
[Sat Jul  4 06:19:40 2026]
localrule PlotMEME_partition:
    input: results/BDNF-64/selection/part5/MEME.json
    output: results/BDNF-64/tables/part5/BDNF-64.part5.AOC.MEME_Results.csv, results/BDNF-64/visualizations/part5/BDNF-64.part5.MEME.png, results/BDNF-64/visualizations/part5/BDNF-64.part5.MEME.svg, results/BDNF-64/visualizations/part5/BDNF-64.part5.MEME.figure_legend.txt
    log: results/logs/PlotMEME_partition.BDNF-64.part5.log
    jobid: 84
    reason: Missing output files: results/BDNF-64/tables/part5/BDNF-64.part5.AOC.MEME_Results.csv; Input files updated by another job: results/BDNF-64/selection/part5/MEME.json
    wildcards: sample=BDNF-64, part=5
    resources: tmpdir=/var/folders/3l/76gtv9qd0v3_8hn3cb7hfbs40000gn/T
Shell command: None
Select jobs to execute...
[Sat Jul  4 06:19:42 2026]
Finished jobid: 74 (Rule: CFEL_partition)
42 of 89 steps (47%) done
Execute 1 jobs...
[Sat Jul  4 06:19:42 2026]
localrule TableCFEL_partition:
    input: results/BDNF-64/selection/part5/CFEL.json
    output: results/BDNF-64/tables/part5/BDNF-64.part5.AOC.CFEL_Results.csv
    log: results/logs/TableCFEL_partition.BDNF-64.part5.log
    jobid: 104
    reason: Missing output files: results/BDNF-64/tables/part5/BDNF-64.part5.AOC.CFEL_Results.csv; Input files updated by another job: results/BDNF-64/selection/part5/CFEL.json
    wildcards: sample=BDNF-64, part=5
    resources: tmpdir=/var/folders/3l/76gtv9qd0v3_8hn3cb7hfbs40000gn/T
Shell command: None
Select jobs to execute...
[Sat Jul  4 06:19:56 2026]
Finished jobid: 42 (Rule: CFEL_partition)
43 of 89 steps (48%) done
Execute 1 jobs...
[Sat Jul  4 06:19:56 2026]
localrule TableCFEL_partition:
    input: results/BDNF-64/selection/part1/CFEL.json
    output: results/BDNF-64/tables/part1/BDNF-64.part1.AOC.CFEL_Results.csv
    log: results/logs/TableCFEL_partition.BDNF-64.part1.log
    jobid: 100
    reason: Missing output files: results/BDNF-64/tables/part1/BDNF-64.part1.AOC.CFEL_Results.csv; Input files updated by another job: results/BDNF-64/selection/part1/CFEL.json
    wildcards: sample=BDNF-64, part=1
    resources: tmpdir=/var/folders/3l/76gtv9qd0v3_8hn3cb7hfbs40000gn/T
Shell command: None
Select jobs to execute...
[Sat Jul  4 06:19:56 2026]
Finished jobid: 104 (Rule: TableCFEL_partition)
44 of 89 steps (49%) done
Execute 1 jobs...
[Sat Jul  4 06:19:56 2026]
localrule ABSREL_partition:
    input: results/BDNF-64/gard/segments/BDNF-64.part1.codon.fas, results/BDNF-64/selection/part1/FastTree.labelled.treefile
    output: results/BDNF-64/selection/part1/ABSREL.json
    log: results/logs/ABSREL_partition.BDNF-64.part1.log
    jobid: 39
    reason: Missing output files: results/BDNF-64/selection/part1/ABSREL.json; Input files updated by another job: results/BDNF-64/selection/part1/FastTree.labelled.treefile
    wildcards: sample=BDNF-64, part=1
    resources: tmpdir=/var/folders/3l/76gtv9qd0v3_8hn3cb7hfbs40000gn/T
Shell command: 
        mkdir -p results/BDNF-64/selection/part1
        hyphy ABSREL --alignment results/BDNF-64/gard/segments/BDNF-64.part1.codon.fas --tree results/BDNF-64/selection/part1/FastTree.labelled.treefile --output results/BDNF-64/selection/part1/ABSREL.json --branches Test > results/logs/ABSREL_partition.BDNF-64.part1.log 2>&1
        
Select jobs to execute...
[Sat Jul  4 06:20:09 2026]
Finished jobid: 84 (Rule: PlotMEME_partition)
45 of 89 steps (51%) done
Execute 1 jobs...
[Sat Jul  4 06:20:09 2026]
localrule FEL_partition:
    input: results/BDNF-64/gard/segments/BDNF-64.part1.codon.fas, results/BDNF-64/selection/part1/FastTree.labelled.treefile
    output: results/BDNF-64/selection/part1/FEL.json
    log: results/logs/FEL_partition.BDNF-64.part1.log
    jobid: 35
    reason: Missing output files: results/BDNF-64/selection/part1/FEL.json; Input files updated by another job: results/BDNF-64/selection/part1/FastTree.labelled.treefile
    wildcards: sample=BDNF-64, part=1
    resources: tmpdir=/var/folders/3l/76gtv9qd0v3_8hn3cb7hfbs40000gn/T
Shell command: 
        mkdir -p results/BDNF-64/selection/part1
        hyphy FEL --alignment results/BDNF-64/gard/segments/BDNF-64.part1.codon.fas --tree results/BDNF-64/selection/part1/FastTree.labelled.treefile --output results/BDNF-64/selection/part1/FEL.json --ci Yes --branches Test > results/logs/FEL_partition.BDNF-64.part1.log 2>&1
        
Select jobs to execute...
[Sat Jul  4 06:20:18 2026]
Finished jobid: 100 (Rule: TableCFEL_partition)
46 of 89 steps (52%) done
Execute 1 jobs...
[Sat Jul  4 06:20:18 2026]
localrule BUSTEDS_MH_partition:
    input: results/BDNF-64/gard/segments/BDNF-64.part1.codon.fas, results/BDNF-64/selection/part1/FastTree.labelled.treefile
    output: results/BDNF-64/selection/part1/BUSTEDS-MH.json
    log: results/logs/BUSTEDS_MH_partition.BDNF-64.part1.log
    jobid: 40
    reason: Missing output files: results/BDNF-64/selection/part1/BUSTEDS-MH.json; Input files updated by another job: results/BDNF-64/selection/part1/FastTree.labelled.treefile
    wildcards: sample=BDNF-64, part=1
    resources: tmpdir=/var/folders/3l/76gtv9qd0v3_8hn3cb7hfbs40000gn/T
Shell command: 
        mkdir -p results/BDNF-64/selection/part1
        hyphy BUSTED \
          --alignment results/BDNF-64/gard/segments/BDNF-64.part1.codon.fas \
          --tree results/BDNF-64/selection/part1/FastTree.labelled.treefile \
          --output results/BDNF-64/selection/part1/BUSTEDS-MH.json \
          --srv Yes \
          --multiple-hits Double+Triple \
          --branches Test \
          > results/logs/BUSTEDS_MH_partition.BDNF-64.part1.log 2>&1
        
Select jobs to execute...
[Sat Jul  4 06:21:44 2026]
Finished jobid: 63 (Rule: ABSREL_partition)
47 of 89 steps (53%) done
Execute 1 jobs...
[Sat Jul  4 06:21:44 2026]
localrule TableABSREL_partition:
    input: results/BDNF-64/selection/part4/ABSREL.json
    output: results/BDNF-64/tables/part4/BDNF-64.part4.AOC.ABSREL_Results.csv
    log: results/logs/TableABSREL_partition.BDNF-64.part4.log
    jobid: 88
    reason: Missing output files: results/BDNF-64/tables/part4/BDNF-64.part4.AOC.ABSREL_Results.csv; Input files updated by another job: results/BDNF-64/selection/part4/ABSREL.json
    wildcards: sample=BDNF-64, part=4
    resources: tmpdir=/var/folders/3l/76gtv9qd0v3_8hn3cb7hfbs40000gn/T
Shell command: None
Select jobs to execute...
[Sat Jul  4 06:21:58 2026]
Finished jobid: 88 (Rule: TableABSREL_partition)
48 of 89 steps (54%) done
Execute 1 jobs...
[Sat Jul  4 06:21:58 2026]
localrule MEME_partition:
    input: results/BDNF-64/gard/segments/BDNF-64.part1.codon.fas, results/BDNF-64/selection/part1/FastTree.labelled.treefile
    output: results/BDNF-64/selection/part1/MEME.json
    log: results/logs/MEME_partition.BDNF-64.part1.log
    jobid: 38
    reason: Missing output files: results/BDNF-64/selection/part1/MEME.json; Input files updated by another job: results/BDNF-64/selection/part1/FastTree.labelled.treefile
    wildcards: sample=BDNF-64, part=1
    resources: tmpdir=/var/folders/3l/76gtv9qd0v3_8hn3cb7hfbs40000gn/T
Shell command: 
        mkdir -p results/BDNF-64/selection/part1
        hyphy MEME --alignment results/BDNF-64/gard/segments/BDNF-64.part1.codon.fas --tree results/BDNF-64/selection/part1/FastTree.labelled.treefile --output results/BDNF-64/selection/part1/MEME.json --branches Test ENV='TOLERATE_NUMERICAL_ERRORS=1;' > results/logs/MEME_partition.BDNF-64.part1.log 2>&1
        
[Sat Jul  4 06:22:16 2026]
Finished jobid: 62 (Rule: MEME_partition)
49 of 89 steps (55%) done
Select jobs to execute...
Execute 1 jobs...
[Sat Jul  4 06:22:16 2026]
localrule PlotMEME_partition:
    input: results/BDNF-64/selection/part4/MEME.json
    output: results/BDNF-64/tables/part4/BDNF-64.part4.AOC.MEME_Results.csv, results/BDNF-64/visualizations/part4/BDNF-64.part4.MEME.png, results/BDNF-64/visualizations/part4/BDNF-64.part4.MEME.svg, results/BDNF-64/visualizations/part4/BDNF-64.part4.MEME.figure_legend.txt
    log: results/logs/PlotMEME_partition.BDNF-64.part4.log
    jobid: 83
    reason: Missing output files: results/BDNF-64/tables/part4/BDNF-64.part4.AOC.MEME_Results.csv; Input files updated by another job: results/BDNF-64/selection/part4/MEME.json
    wildcards: sample=BDNF-64, part=4
    resources: tmpdir=/var/folders/3l/76gtv9qd0v3_8hn3cb7hfbs40000gn/T
Shell command: None
[Sat Jul  4 06:22:39 2026]
Finished jobid: 67 (Rule: FEL_partition)
50 of 89 steps (56%) done
Select jobs to execute...
Execute 1 jobs...
[Sat Jul  4 06:22:39 2026]
localrule PlotFEL_partition:
    input: results/BDNF-64/selection/part5/FEL.json
    output: results/BDNF-64/tables/part5/BDNF-64.part5.AOC.FEL_Results.csv, results/BDNF-64/visualizations/part5/BDNF-64.part5.FEL.png, results/BDNF-64/visualizations/part5/BDNF-64.part5.FEL.svg, results/BDNF-64/visualizations/part5/BDNF-64.part5.FEL.figure_legend.txt
    log: results/logs/PlotFEL_partition.BDNF-64.part5.log
    jobid: 79
    reason: Missing output files: results/BDNF-64/tables/part5/BDNF-64.part5.AOC.FEL_Results.csv; Input files updated by another job: results/BDNF-64/selection/part5/FEL.json
    wildcards: sample=BDNF-64, part=5
    resources: tmpdir=/var/folders/3l/76gtv9qd0v3_8hn3cb7hfbs40000gn/T
Shell command: None
[Sat Jul  4 06:22:58 2026]
Finished jobid: 35 (Rule: FEL_partition)
51 of 89 steps (57%) done
Select jobs to execute...
Execute 1 jobs...
[Sat Jul  4 06:22:58 2026]
localrule PlotFEL_partition:
    input: results/BDNF-64/selection/part1/FEL.json
    output: results/BDNF-64/tables/part1/BDNF-64.part1.AOC.FEL_Results.csv, results/BDNF-64/visualizations/part1/BDNF-64.part1.FEL.png, results/BDNF-64/visualizations/part1/BDNF-64.part1.FEL.svg, results/BDNF-64/visualizations/part1/BDNF-64.part1.FEL.figure_legend.txt
    log: results/logs/PlotFEL_partition.BDNF-64.part1.log
    jobid: 75
    reason: Missing output files: results/BDNF-64/tables/part1/BDNF-64.part1.AOC.FEL_Results.csv; Input files updated by another job: results/BDNF-64/selection/part1/FEL.json
    wildcards: sample=BDNF-64, part=1
    resources: tmpdir=/var/folders/3l/76gtv9qd0v3_8hn3cb7hfbs40000gn/T
Shell command: None
[Sat Jul  4 06:23:17 2026]
Finished jobid: 39 (Rule: ABSREL_partition)
52 of 89 steps (58%) done
Select jobs to execute...
Execute 1 jobs...
[Sat Jul  4 06:23:17 2026]
localrule TableABSREL_partition:
    input: results/BDNF-64/selection/part1/ABSREL.json
    output: results/BDNF-64/tables/part1/BDNF-64.part1.AOC.ABSREL_Results.csv
    log: results/logs/TableABSREL_partition.BDNF-64.part1.log
    jobid: 85
    reason: Missing output files: results/BDNF-64/tables/part1/BDNF-64.part1.AOC.ABSREL_Results.csv; Input files updated by another job: results/BDNF-64/selection/part1/ABSREL.json
    wildcards: sample=BDNF-64, part=1
    resources: tmpdir=/var/folders/3l/76gtv9qd0v3_8hn3cb7hfbs40000gn/T
Shell command: None
[Sat Jul  4 06:23:21 2026]
Finished jobid: 83 (Rule: PlotMEME_partition)
53 of 89 steps (60%) done
[Sat Jul  4 06:23:30 2026]
Finished jobid: 79 (Rule: PlotFEL_partition)
54 of 89 steps (61%) done
[Sat Jul  4 06:23:38 2026]
Finished jobid: 59 (Rule: FEL_partition)
55 of 89 steps (62%) done
Select jobs to execute...
Execute 1 jobs...
[Sat Jul  4 06:23:38 2026]
localrule PlotFEL_partition:
    input: results/BDNF-64/selection/part4/FEL.json
    output: results/BDNF-64/tables/part4/BDNF-64.part4.AOC.FEL_Results.csv, results/BDNF-64/visualizations/part4/BDNF-64.part4.FEL.png, results/BDNF-64/visualizations/part4/BDNF-64.part4.FEL.svg, results/BDNF-64/visualizations/part4/BDNF-64.part4.FEL.figure_legend.txt
    log: results/logs/PlotFEL_partition.BDNF-64.part4.log
    jobid: 78
    reason: Missing output files: results/BDNF-64/tables/part4/BDNF-64.part4.AOC.FEL_Results.csv; Input files updated by another job: results/BDNF-64/selection/part4/FEL.json
    wildcards: sample=BDNF-64, part=4
    resources: tmpdir=/var/folders/3l/76gtv9qd0v3_8hn3cb7hfbs40000gn/T
Shell command: None
[Sat Jul  4 06:23:40 2026]
Finished jobid: 75 (Rule: PlotFEL_partition)
56 of 89 steps (63%) done
[Sat Jul  4 06:23:46 2026]
Finished jobid: 85 (Rule: TableABSREL_partition)
57 of 89 steps (64%) done
[Sat Jul  4 06:24:18 2026]
Finished jobid: 38 (Rule: MEME_partition)
58 of 89 steps (65%) done
Select jobs to execute...
Execute 1 jobs...
[Sat Jul  4 06:24:18 2026]
localrule PlotMEME_partition:
    input: results/BDNF-64/selection/part1/MEME.json
    output: results/BDNF-64/tables/part1/BDNF-64.part1.AOC.MEME_Results.csv, results/BDNF-64/visualizations/part1/BDNF-64.part1.MEME.png, results/BDNF-64/visualizations/part1/BDNF-64.part1.MEME.svg, results/BDNF-64/visualizations/part1/BDNF-64.part1.MEME.figure_legend.txt
    log: results/logs/PlotMEME_partition.BDNF-64.part1.log
    jobid: 80
    reason: Missing output files: results/BDNF-64/tables/part1/BDNF-64.part1.AOC.MEME_Results.csv; Input files updated by another job: results/BDNF-64/selection/part1/MEME.json
    wildcards: sample=BDNF-64, part=1
    resources: tmpdir=/var/folders/3l/76gtv9qd0v3_8hn3cb7hfbs40000gn/T
Shell command: None
[Sat Jul  4 06:24:30 2026]
Finished jobid: 78 (Rule: PlotFEL_partition)
59 of 89 steps (66%) done
[Sat Jul  4 06:24:49 2026]
Finished jobid: 80 (Rule: PlotMEME_partition)
60 of 89 steps (67%) done
[Sat Jul  4 06:24:55 2026]
Finished jobid: 65 (Rule: RELAX_partition)
61 of 89 steps (69%) done
Select jobs to execute...
Execute 1 jobs...
[Sat Jul  4 06:24:55 2026]
localrule TableRELAX_partition:
    input: results/BDNF-64/selection/part4/RELAX.json
    output: results/BDNF-64/tables/part4/BDNF-64.part4.AOC.RELAX_Results.csv
    log: results/logs/TableRELAX_partition.BDNF-64.part4.log
    jobid: 98
    reason: Missing output files: results/BDNF-64/tables/part4/BDNF-64.part4.AOC.RELAX_Results.csv; Input files updated by another job: results/BDNF-64/selection/part4/RELAX.json
    wildcards: sample=BDNF-64, part=4
    resources: tmpdir=/var/folders/3l/76gtv9qd0v3_8hn3cb7hfbs40000gn/T
Shell command: None
[Sat Jul  4 06:25:01 2026]
Finished jobid: 49 (Rule: RELAX_partition)
62 of 89 steps (70%) done
Select jobs to execute...
Execute 1 jobs...
[Sat Jul  4 06:25:01 2026]
localrule TableRELAX_partition:
    input: results/BDNF-64/selection/part2/RELAX.json
    output: results/BDNF-64/tables/part2/BDNF-64.part2.AOC.RELAX_Results.csv
    log: results/logs/TableRELAX_partition.BDNF-64.part2.log
    jobid: 96
    reason: Missing output files: results/BDNF-64/tables/part2/BDNF-64.part2.AOC.RELAX_Results.csv; Input files updated by another job: results/BDNF-64/selection/part2/RELAX.json
    wildcards: sample=BDNF-64, part=2
    resources: tmpdir=/var/folders/3l/76gtv9qd0v3_8hn3cb7hfbs40000gn/T
Shell command: None
[Sat Jul  4 06:25:02 2026]
Finished jobid: 98 (Rule: TableRELAX_partition)
63 of 89 steps (71%) done
[Sat Jul  4 06:25:05 2026]
Finished jobid: 96 (Rule: TableRELAX_partition)
64 of 89 steps (72%) done
[Sat Jul  4 06:27:17 2026]
Finished jobid: 73 (Rule: RELAX_partition)
65 of 89 steps (73%) done
Select jobs to execute...
Execute 1 jobs...
[Sat Jul  4 06:27:17 2026]
localrule TableRELAX_partition:
    input: results/BDNF-64/selection/part5/RELAX.json
    output: results/BDNF-64/tables/part5/BDNF-64.part5.AOC.RELAX_Results.csv
    log: results/logs/TableRELAX_partition.BDNF-64.part5.log
    jobid: 99
    reason: Missing output files: results/BDNF-64/tables/part5/BDNF-64.part5.AOC.RELAX_Results.csv; Input files updated by another job: results/BDNF-64/selection/part5/RELAX.json
    wildcards: sample=BDNF-64, part=5
    resources: tmpdir=/var/folders/3l/76gtv9qd0v3_8hn3cb7hfbs40000gn/T
Shell command: None
[Sat Jul  4 06:27:21 2026]
Finished jobid: 99 (Rule: TableRELAX_partition)
66 of 89 steps (74%) done
[Sat Jul  4 06:36:20 2026]
Finished jobid: 72 (Rule: BUSTEDS_MH_partition)
67 of 89 steps (75%) done
Select jobs to execute...
Execute 1 jobs...
[Sat Jul  4 06:36:20 2026]
localrule TableBUSTEDS_MH_partition:
    input: results/BDNF-64/selection/part5/BUSTEDS-MH.json
    output: results/BDNF-64/tables/part5/BDNF-64.part5.AOC.BUSTEDS-MH_Results.csv
    log: results/logs/TableBUSTEDS_MH_partition.BDNF-64.part5.log
    jobid: 94
    reason: Missing output files: results/BDNF-64/tables/part5/BDNF-64.part5.AOC.BUSTEDS-MH_Results.csv; Input files updated by another job: results/BDNF-64/selection/part5/BUSTEDS-MH.json
    wildcards: sample=BDNF-64, part=5
    resources: tmpdir=/var/folders/3l/76gtv9qd0v3_8hn3cb7hfbs40000gn/T
Shell command: None
[Sat Jul  4 06:36:24 2026]
Finished jobid: 94 (Rule: TableBUSTEDS_MH_partition)
68 of 89 steps (76%) done
[Sat Jul  4 06:38:45 2026]
Finished jobid: 41 (Rule: RELAX_partition)
69 of 89 steps (78%) done
Select jobs to execute...
Execute 1 jobs...
[Sat Jul  4 06:38:45 2026]
localrule TableRELAX_partition:
    input: results/BDNF-64/selection/part1/RELAX.json
    output: results/BDNF-64/tables/part1/BDNF-64.part1.AOC.RELAX_Results.csv
    log: results/logs/TableRELAX_partition.BDNF-64.part1.log
    jobid: 95
    reason: Missing output files: results/BDNF-64/tables/part1/BDNF-64.part1.AOC.RELAX_Results.csv; Input files updated by another job: results/BDNF-64/selection/part1/RELAX.json
    wildcards: sample=BDNF-64, part=1
    resources: tmpdir=/var/folders/3l/76gtv9qd0v3_8hn3cb7hfbs40000gn/T
Shell command: None
[Sat Jul  4 06:38:48 2026]
Finished jobid: 95 (Rule: TableRELAX_partition)
70 of 89 steps (79%) done
[Sat Jul  4 06:45:01 2026]
Finished jobid: 56 (Rule: BUSTEDS_MH_partition)
71 of 89 steps (80%) done
Select jobs to execute...
Execute 1 jobs...
[Sat Jul  4 06:45:01 2026]
localrule TableBUSTEDS_MH_partition:
    input: results/BDNF-64/selection/part3/BUSTEDS-MH.json
    output: results/BDNF-64/tables/part3/BDNF-64.part3.AOC.BUSTEDS-MH_Results.csv
    log: results/logs/TableBUSTEDS_MH_partition.BDNF-64.part3.log
    jobid: 92
    reason: Missing output files: results/BDNF-64/tables/part3/BDNF-64.part3.AOC.BUSTEDS-MH_Results.csv; Input files updated by another job: results/BDNF-64/selection/part3/BUSTEDS-MH.json
    wildcards: sample=BDNF-64, part=3
    resources: tmpdir=/var/folders/3l/76gtv9qd0v3_8hn3cb7hfbs40000gn/T
Shell command: None
[Sat Jul  4 06:45:05 2026]
Finished jobid: 92 (Rule: TableBUSTEDS_MH_partition)
72 of 89 steps (81%) done
[Sat Jul  4 06:51:37 2026]
Finished jobid: 64 (Rule: BUSTEDS_MH_partition)
73 of 89 steps (82%) done
Select jobs to execute...
Execute 1 jobs...
[Sat Jul  4 06:51:37 2026]
localrule TableBUSTEDS_MH_partition:
    input: results/BDNF-64/selection/part4/BUSTEDS-MH.json
    output: results/BDNF-64/tables/part4/BDNF-64.part4.AOC.BUSTEDS-MH_Results.csv
    log: results/logs/TableBUSTEDS_MH_partition.BDNF-64.part4.log
    jobid: 93
    reason: Missing output files: results/BDNF-64/tables/part4/BDNF-64.part4.AOC.BUSTEDS-MH_Results.csv; Input files updated by another job: results/BDNF-64/selection/part4/BUSTEDS-MH.json
    wildcards: sample=BDNF-64, part=4
    resources: tmpdir=/var/folders/3l/76gtv9qd0v3_8hn3cb7hfbs40000gn/T
Shell command: None
[Sat Jul  4 06:51:41 2026]
Finished jobid: 93 (Rule: TableBUSTEDS_MH_partition)
74 of 89 steps (83%) done
[Sat Jul  4 06:55:06 2026]
Finished jobid: 40 (Rule: BUSTEDS_MH_partition)
75 of 89 steps (84%) done
Select jobs to execute...
Execute 1 jobs...
[Sat Jul  4 06:55:06 2026]
localrule TableBUSTEDS_MH_partition:
    input: results/BDNF-64/selection/part1/BUSTEDS-MH.json
    output: results/BDNF-64/tables/part1/BDNF-64.part1.AOC.BUSTEDS-MH_Results.csv
    log: results/logs/TableBUSTEDS_MH_partition.BDNF-64.part1.log
    jobid: 90
    reason: Missing output files: results/BDNF-64/tables/part1/BDNF-64.part1.AOC.BUSTEDS-MH_Results.csv; Input files updated by another job: results/BDNF-64/selection/part1/BUSTEDS-MH.json
    wildcards: sample=BDNF-64, part=1
    resources: tmpdir=/var/folders/3l/76gtv9qd0v3_8hn3cb7hfbs40000gn/T
Shell command: None
[Sat Jul  4 06:55:09 2026]
Finished jobid: 90 (Rule: TableBUSTEDS_MH_partition)
76 of 89 steps (85%) done
[Sat Jul  4 06:58:05 2026]
Finished jobid: 48 (Rule: BUSTEDS_MH_partition)
77 of 89 steps (87%) done
Select jobs to execute...
Execute 2 jobs...
[Sat Jul  4 06:58:05 2026]
localrule run_selection_all_partitions:
    input: results/BDNF-64/selection/part1/FEL.json, results/BDNF-64/selection/part1/MEME.json, results/BDNF-64/selection/part1/ABSREL.json, results/BDNF-64/selection/part1/BUSTEDS-MH.json, results/BDNF-64/selection/part1/RELAX.json, results/BDNF-64/selection/part1/CFEL.json, results/BDNF-64/selection/part2/FEL.json, results/BDNF-64/selection/part2/MEME.json, results/BDNF-64/selection/part2/ABSREL.json, results/BDNF-64/selection/part2/BUSTEDS-MH.json, results/BDNF-64/selection/part2/RELAX.json, results/BDNF-64/selection/part2/CFEL.json, results/BDNF-64/selection/part3/FEL.json, results/BDNF-64/selection/part3/MEME.json, results/BDNF-64/selection/part3/ABSREL.json, results/BDNF-64/selection/part3/BUSTEDS-MH.json, results/BDNF-64/selection/part3/RELAX.json, results/BDNF-64/selection/part3/CFEL.json, results/BDNF-64/selection/part4/FEL.json, results/BDNF-64/selection/part4/MEME.json, results/BDNF-64/selection/part4/ABSREL.json, results/BDNF-64/selection/part4/BUSTEDS-MH.json, results/BDNF-64/selection/part4/RELAX.json, results/BDNF-64/selection/part4/CFEL.json, results/BDNF-64/selection/part5/FEL.json, results/BDNF-64/selection/part5/MEME.json, results/BDNF-64/selection/part5/ABSREL.json, results/BDNF-64/selection/part5/BUSTEDS-MH.json, results/BDNF-64/selection/part5/RELAX.json, results/BDNF-64/selection/part5/CFEL.json
    output: results/BDNF-64/selection/ALL_PARTITIONS.done
    log: results/logs/run_selection_all_partitions.BDNF-64.log
    jobid: 7
    reason: Missing output files: results/BDNF-64/selection/ALL_PARTITIONS.done; Input files updated by another job: results/BDNF-64/selection/part1/ABSREL.json, results/BDNF-64/selection/part2/MEME.json, results/BDNF-64/selection/part3/FEL.json, results/BDNF-64/selection/part4/MEME.json, results/BDNF-64/selection/part2/CFEL.json, results/BDNF-64/selection/part3/BUSTEDS-MH.json, results/BDNF-64/selection/part4/CFEL.json, results/BDNF-64/selection/part1/BUSTEDS-MH.json, results/BDNF-64/selection/part3/RELAX.json, results/BDNF-64/selection/part5/BUSTEDS-MH.json, results/BDNF-64/selection/part1/MEME.json, results/BDNF-64/selection/part2/FEL.json, results/BDNF-64/selection/part2/RELAX.json, results/BDNF-64/selection/part1/CFEL.json, results/BDNF-64/selection/part5/RELAX.json, results/BDNF-64/selection/part3/ABSREL.json, results/BDNF-64/selection/part1/RELAX.json, results/BDNF-64/selection/part2/ABSREL.json, results/BDNF-64/selection/part4/BUSTEDS-MH.json, results/BDNF-64/selection/part5/CFEL.json, results/BDNF-64/selection/part3/CFEL.json, results/BDNF-64/selection/part5/MEME.json, results/BDNF-64/selection/part4/FEL.json, results/BDNF-64/selection/part1/FEL.json, results/BDNF-64/selection/part3/MEME.json, results/BDNF-64/selection/part2/BUSTEDS-MH.json, results/BDNF-64/selection/part4/RELAX.json, results/BDNF-64/selection/part5/ABSREL.json, results/BDNF-64/selection/part4/ABSREL.json, results/BDNF-64/selection/part5/FEL.json
    wildcards: sample=BDNF-64
    resources: tmpdir=/var/folders/3l/76gtv9qd0v3_8hn3cb7hfbs40000gn/T
Shell command: None
[Sat Jul  4 06:58:05 2026]
localrule TableBUSTEDS_MH_partition:
    input: results/BDNF-64/selection/part2/BUSTEDS-MH.json
    output: results/BDNF-64/tables/part2/BDNF-64.part2.AOC.BUSTEDS-MH_Results.csv
    log: results/logs/TableBUSTEDS_MH_partition.BDNF-64.part2.log
    jobid: 91
    reason: Missing output files: results/BDNF-64/tables/part2/BDNF-64.part2.AOC.BUSTEDS-MH_Results.csv; Input files updated by another job: results/BDNF-64/selection/part2/BUSTEDS-MH.json
    wildcards: sample=BDNF-64, part=2
    resources: tmpdir=/var/folders/3l/76gtv9qd0v3_8hn3cb7hfbs40000gn/T
Shell command: None
[Sat Jul  4 06:58:08 2026]
Finished jobid: 91 (Rule: TableBUSTEDS_MH_partition)
78 of 89 steps (88%) done
[Sat Jul  4 06:58:08 2026]
Finished jobid: 7 (Rule: run_selection_all_partitions)
79 of 89 steps (89%) done
Select jobs to execute...
Execute 6 jobs...
[Sat Jul  4 06:58:08 2026]
localrule MergeMEMECSVs:
    input: results/BDNF-64/selection/ALL_PARTITIONS.done, results/BDNF-64/tables/part1/BDNF-64.part1.AOC.MEME_Results.csv, results/BDNF-64/tables/part2/BDNF-64.part2.AOC.MEME_Results.csv, results/BDNF-64/tables/part3/BDNF-64.part3.AOC.MEME_Results.csv, results/BDNF-64/tables/part4/BDNF-64.part4.AOC.MEME_Results.csv, results/BDNF-64/tables/part5/BDNF-64.part5.AOC.MEME_Results.csv
    output: results/BDNF-64/tables/BDNF-64.AOC.merged_MEME_Results.csv
    log: results/logs/MergeMEMECSVs.BDNF-64.log
    jobid: 11
    reason: Missing output files: results/BDNF-64/tables/BDNF-64.AOC.merged_MEME_Results.csv; Input files updated by another job: results/BDNF-64/tables/part5/BDNF-64.part5.AOC.MEME_Results.csv, results/BDNF-64/selection/ALL_PARTITIONS.done, results/BDNF-64/tables/part1/BDNF-64.part1.AOC.MEME_Results.csv, results/BDNF-64/tables/part4/BDNF-64.part4.AOC.MEME_Results.csv, results/BDNF-64/tables/part2/BDNF-64.part2.AOC.MEME_Results.csv, results/BDNF-64/tables/part3/BDNF-64.part3.AOC.MEME_Results.csv
    wildcards: sample=BDNF-64
    resources: tmpdir=/var/folders/3l/76gtv9qd0v3_8hn3cb7hfbs40000gn/T
Shell command: None
[Sat Jul  4 06:58:08 2026]
localrule MergeFELCSVs:
    input: results/BDNF-64/selection/ALL_PARTITIONS.done, results/BDNF-64/tables/part1/BDNF-64.part1.AOC.FEL_Results.csv, results/BDNF-64/tables/part2/BDNF-64.part2.AOC.FEL_Results.csv, results/BDNF-64/tables/part3/BDNF-64.part3.AOC.FEL_Results.csv, results/BDNF-64/tables/part4/BDNF-64.part4.AOC.FEL_Results.csv, results/BDNF-64/tables/part5/BDNF-64.part5.AOC.FEL_Results.csv
    output: results/BDNF-64/tables/BDNF-64.AOC.merged_FEL_Results.csv
    log: results/logs/MergeFELCSVs.BDNF-64.log
    jobid: 10
    reason: Missing output files: results/BDNF-64/tables/BDNF-64.AOC.merged_FEL_Results.csv; Input files updated by another job: results/BDNF-64/tables/part5/BDNF-64.part5.AOC.FEL_Results.csv, results/BDNF-64/selection/ALL_PARTITIONS.done, results/BDNF-64/tables/part4/BDNF-64.part4.AOC.FEL_Results.csv, results/BDNF-64/tables/part2/BDNF-64.part2.AOC.FEL_Results.csv, results/BDNF-64/tables/part1/BDNF-64.part1.AOC.FEL_Results.csv, results/BDNF-64/tables/part3/BDNF-64.part3.AOC.FEL_Results.csv
    wildcards: sample=BDNF-64
    resources: tmpdir=/var/folders/3l/76gtv9qd0v3_8hn3cb7hfbs40000gn/T
Shell command: None
[Sat Jul  4 06:58:08 2026]
localrule MergeRELAXCSVs:
    input: results/BDNF-64/selection/ALL_PARTITIONS.done, results/BDNF-64/tables/part1/BDNF-64.part1.AOC.RELAX_Results.csv, results/BDNF-64/tables/part2/BDNF-64.part2.AOC.RELAX_Results.csv, results/BDNF-64/tables/part3/BDNF-64.part3.AOC.RELAX_Results.csv, results/BDNF-64/tables/part4/BDNF-64.part4.AOC.RELAX_Results.csv, results/BDNF-64/tables/part5/BDNF-64.part5.AOC.RELAX_Results.csv
    output: results/BDNF-64/tables/BDNF-64.AOC.merged_RELAX_Results.csv
    log: results/logs/MergeRELAXCSVs.BDNF-64.log
    jobid: 14
    reason: Missing output files: results/BDNF-64/tables/BDNF-64.AOC.merged_RELAX_Results.csv; Input files updated by another job: results/BDNF-64/tables/part4/BDNF-64.part4.AOC.RELAX_Results.csv, results/BDNF-64/selection/ALL_PARTITIONS.done, results/BDNF-64/tables/part5/BDNF-64.part5.AOC.RELAX_Results.csv, results/BDNF-64/tables/part3/BDNF-64.part3.AOC.RELAX_Results.csv, results/BDNF-64/tables/part2/BDNF-64.part2.AOC.RELAX_Results.csv, results/BDNF-64/tables/part1/BDNF-64.part1.AOC.RELAX_Results.csv
    wildcards: sample=BDNF-64
    resources: tmpdir=/var/folders/3l/76gtv9qd0v3_8hn3cb7hfbs40000gn/T
Shell command: None
[Sat Jul  4 06:58:08 2026]
localrule MergeBUSTEDS_MH_CSVs:
    input: results/BDNF-64/selection/ALL_PARTITIONS.done, results/BDNF-64/tables/part1/BDNF-64.part1.AOC.BUSTEDS-MH_Results.csv, results/BDNF-64/tables/part2/BDNF-64.part2.AOC.BUSTEDS-MH_Results.csv, results/BDNF-64/tables/part3/BDNF-64.part3.AOC.BUSTEDS-MH_Results.csv, results/BDNF-64/tables/part4/BDNF-64.part4.AOC.BUSTEDS-MH_Results.csv, results/BDNF-64/tables/part5/BDNF-64.part5.AOC.BUSTEDS-MH_Results.csv
    output: results/BDNF-64/tables/BDNF-64.AOC.merged_BUSTEDS-MH_Results.csv
    log: results/logs/MergeBUSTEDS_MH_CSVs.BDNF-64.log
    jobid: 13
    reason: Missing output files: results/BDNF-64/tables/BDNF-64.AOC.merged_BUSTEDS-MH_Results.csv; Input files updated by another job: results/BDNF-64/tables/part2/BDNF-64.part2.AOC.BUSTEDS-MH_Results.csv, results/BDNF-64/tables/part5/BDNF-64.part5.AOC.BUSTEDS-MH_Results.csv, results/BDNF-64/selection/ALL_PARTITIONS.done, results/BDNF-64/tables/part4/BDNF-64.part4.AOC.BUSTEDS-MH_Results.csv, results/BDNF-64/tables/part1/BDNF-64.part1.AOC.BUSTEDS-MH_Results.csv, results/BDNF-64/tables/part3/BDNF-64.part3.AOC.BUSTEDS-MH_Results.csv
    wildcards: sample=BDNF-64
    resources: tmpdir=/var/folders/3l/76gtv9qd0v3_8hn3cb7hfbs40000gn/T
Shell command: None
[Sat Jul  4 06:58:08 2026]
localrule MergeABSRELCSVs:
    input: results/BDNF-64/selection/ALL_PARTITIONS.done, results/BDNF-64/tables/part1/BDNF-64.part1.AOC.ABSREL_Results.csv, results/BDNF-64/tables/part2/BDNF-64.part2.AOC.ABSREL_Results.csv, results/BDNF-64/tables/part3/BDNF-64.part3.AOC.ABSREL_Results.csv, results/BDNF-64/tables/part4/BDNF-64.part4.AOC.ABSREL_Results.csv, results/BDNF-64/tables/part5/BDNF-64.part5.AOC.ABSREL_Results.csv
    output: results/BDNF-64/tables/BDNF-64.AOC.merged_ABSREL_Results.csv
    log: results/logs/MergeABSRELCSVs.BDNF-64.log
    jobid: 12
    reason: Missing output files: results/BDNF-64/tables/BDNF-64.AOC.merged_ABSREL_Results.csv; Input files updated by another job: results/BDNF-64/tables/part5/BDNF-64.part5.AOC.ABSREL_Results.csv, results/BDNF-64/selection/ALL_PARTITIONS.done, results/BDNF-64/tables/part3/BDNF-64.part3.AOC.ABSREL_Results.csv, results/BDNF-64/tables/part1/BDNF-64.part1.AOC.ABSREL_Results.csv, results/BDNF-64/tables/part4/BDNF-64.part4.AOC.ABSREL_Results.csv, results/BDNF-64/tables/part2/BDNF-64.part2.AOC.ABSREL_Results.csv
    wildcards: sample=BDNF-64
    resources: tmpdir=/var/folders/3l/76gtv9qd0v3_8hn3cb7hfbs40000gn/T
Shell command: None
[Sat Jul  4 06:58:08 2026]
localrule MergeCFELCSVs:
    input: results/BDNF-64/selection/ALL_PARTITIONS.done, results/BDNF-64/tables/part1/BDNF-64.part1.AOC.CFEL_Results.csv, results/BDNF-64/tables/part2/BDNF-64.part2.AOC.CFEL_Results.csv, results/BDNF-64/tables/part3/BDNF-64.part3.AOC.CFEL_Results.csv, results/BDNF-64/tables/part4/BDNF-64.part4.AOC.CFEL_Results.csv, results/BDNF-64/tables/part5/BDNF-64.part5.AOC.CFEL_Results.csv
    output: results/BDNF-64/tables/BDNF-64.AOC.merged_CFEL_Results.csv
    log: results/logs/MergeCFELCSVs.BDNF-64.log
    jobid: 15
    reason: Missing output files: results/BDNF-64/tables/BDNF-64.AOC.merged_CFEL_Results.csv; Input files updated by another job: results/BDNF-64/tables/part2/BDNF-64.part2.AOC.CFEL_Results.csv, results/BDNF-64/tables/part3/BDNF-64.part3.AOC.CFEL_Results.csv, results/BDNF-64/tables/part1/BDNF-64.part1.AOC.CFEL_Results.csv, results/BDNF-64/selection/ALL_PARTITIONS.done, results/BDNF-64/tables/part4/BDNF-64.part4.AOC.CFEL_Results.csv, results/BDNF-64/tables/part5/BDNF-64.part5.AOC.CFEL_Results.csv
    wildcards: sample=BDNF-64
    resources: tmpdir=/var/folders/3l/76gtv9qd0v3_8hn3cb7hfbs40000gn/T
Shell command: None
[Sat Jul  4 06:58:11 2026]
Finished jobid: 14 (Rule: MergeRELAXCSVs)
80 of 89 steps (90%) done
[Sat Jul  4 06:58:11 2026]
Finished jobid: 12 (Rule: MergeABSRELCSVs)
81 of 89 steps (91%) done
[Sat Jul  4 06:58:11 2026]
Finished jobid: 10 (Rule: MergeFELCSVs)
82 of 89 steps (92%) done
[Sat Jul  4 06:58:11 2026]
Finished jobid: 13 (Rule: MergeBUSTEDS_MH_CSVs)
83 of 89 steps (93%) done
[Sat Jul  4 06:58:11 2026]
Finished jobid: 15 (Rule: MergeCFELCSVs)
84 of 89 steps (94%) done
Select jobs to execute...
Execute 1 jobs...
[Sat Jul  4 06:58:11 2026]
localrule PlotFELMerge:
    input: results/BDNF-64/tables/BDNF-64.AOC.merged_FEL_Results.csv
    output: results/BDNF-64/visualizations/BDNF-64.FEL.merged.png, results/BDNF-64/visualizations/BDNF-64.FEL.merged.svg
    log: results/logs/PlotFELMerge.BDNF-64.log
    jobid: 17
    reason: Missing output files: results/BDNF-64/visualizations/BDNF-64.FEL.merged.png; Input files updated by another job: results/BDNF-64/tables/BDNF-64.AOC.merged_FEL_Results.csv
    wildcards: sample=BDNF-64
    resources: tmpdir=/var/folders/3l/76gtv9qd0v3_8hn3cb7hfbs40000gn/T
Shell command: None
[Sat Jul  4 06:58:11 2026]
Finished jobid: 11 (Rule: MergeMEMECSVs)
85 of 89 steps (96%) done
Select jobs to execute...
Execute 2 jobs...
[Sat Jul  4 06:58:11 2026]
localrule SelectionOverviewTable:
    input: results/BDNF-64/tables/BDNF-64.AOC.merged_FEL_Results.csv, results/BDNF-64/tables/BDNF-64.AOC.merged_MEME_Results.csv, results/BDNF-64/selection/part1/ABSREL.json, results/BDNF-64/selection/part1/BUSTEDS-MH.json, results/BDNF-64/selection/part1/RELAX.json, results/BDNF-64/selection/part1/CFEL.json, results/BDNF-64/selection/part2/ABSREL.json, results/BDNF-64/selection/part2/BUSTEDS-MH.json, results/BDNF-64/selection/part2/RELAX.json, results/BDNF-64/selection/part2/CFEL.json, results/BDNF-64/selection/part3/ABSREL.json, results/BDNF-64/selection/part3/BUSTEDS-MH.json, results/BDNF-64/selection/part3/RELAX.json, results/BDNF-64/selection/part3/CFEL.json, results/BDNF-64/selection/part4/ABSREL.json, results/BDNF-64/selection/part4/BUSTEDS-MH.json, results/BDNF-64/selection/part4/RELAX.json, results/BDNF-64/selection/part4/CFEL.json, results/BDNF-64/selection/part5/ABSREL.json, results/BDNF-64/selection/part5/BUSTEDS-MH.json, results/BDNF-64/selection/part5/RELAX.json, results/BDNF-64/selection/part5/CFEL.json
    output: results/BDNF-64/tables/BDNF-64.selection_overview.csv
    log: results/logs/SelectionOverviewTable.BDNF-64.log
    jobid: 16
    reason: Missing output files: results/BDNF-64/tables/BDNF-64.selection_overview.csv; Input files updated by another job: results/BDNF-64/selection/part1/ABSREL.json, results/BDNF-64/selection/part2/CFEL.json, results/BDNF-64/selection/part3/BUSTEDS-MH.json, results/BDNF-64/selection/part4/CFEL.json, results/BDNF-64/selection/part1/BUSTEDS-MH.json, results/BDNF-64/selection/part3/RELAX.json, results/BDNF-64/selection/part5/BUSTEDS-MH.json, results/BDNF-64/selection/part2/RELAX.json, results/BDNF-64/selection/part1/CFEL.json, results/BDNF-64/selection/part5/RELAX.json, results/BDNF-64/selection/part3/ABSREL.json, results/BDNF-64/selection/part1/RELAX.json, results/BDNF-64/selection/part2/ABSREL.json, results/BDNF-64/selection/part4/BUSTEDS-MH.json, results/BDNF-64/tables/BDNF-64.AOC.merged_FEL_Results.csv, results/BDNF-64/selection/part5/CFEL.json, results/BDNF-64/selection/part3/CFEL.json, results/BDNF-64/selection/part2/BUSTEDS-MH.json, results/BDNF-64/selection/part4/RELAX.json, results/BDNF-64/selection/part5/ABSREL.json, results/BDNF-64/selection/part4/ABSREL.json, results/BDNF-64/tables/BDNF-64.AOC.merged_MEME_Results.csv
    wildcards: sample=BDNF-64
    resources: tmpdir=/var/folders/3l/76gtv9qd0v3_8hn3cb7hfbs40000gn/T
Shell command: None
[Sat Jul  4 06:58:11 2026]
localrule PlotMEMEMerge:
    input: results/BDNF-64/tables/BDNF-64.AOC.merged_MEME_Results.csv
    output: results/BDNF-64/visualizations/BDNF-64.MEME.merged.png, results/BDNF-64/visualizations/BDNF-64.MEME.merged.svg
    log: results/logs/PlotMEMEMerge.BDNF-64.log
    jobid: 18
    reason: Missing output files: results/BDNF-64/visualizations/BDNF-64.MEME.merged.png; Input files updated by another job: results/BDNF-64/tables/BDNF-64.AOC.merged_MEME_Results.csv
    wildcards: sample=BDNF-64
    resources: tmpdir=/var/folders/3l/76gtv9qd0v3_8hn3cb7hfbs40000gn/T
Shell command: None
[Sat Jul  4 06:58:14 2026]
Finished jobid: 16 (Rule: SelectionOverviewTable)
86 of 89 steps (97%) done
[Sat Jul  4 06:58:14 2026]
Finished jobid: 17 (Rule: PlotFELMerge)
87 of 89 steps (98%) done
[Sat Jul  4 06:58:14 2026]
Finished jobid: 18 (Rule: PlotMEMEMerge)
88 of 89 steps (99%) done
Select jobs to execute...
Execute 1 jobs...
[Sat Jul  4 06:58:14 2026]
localrule all:
    input: results/BDNF-64/BDNF-64.RD.SA.codons.cln.fa, results/BDNF-64/BDNF-64.RD.SA.codons.cln.fa.cluster.fasta.best-gard, results/BDNF-64/selection/ALL_PARTITIONS.done, results/BDNF-64/BDNF-64.test_sequences.txt, results/BDNF-64/BDNF-64.sequence_header_map.csv, results/BDNF-64/tables/BDNF-64.AOC.merged_FEL_Results.csv, results/BDNF-64/tables/BDNF-64.AOC.merged_MEME_Results.csv, results/BDNF-64/tables/BDNF-64.AOC.merged_ABSREL_Results.csv, results/BDNF-64/tables/BDNF-64.AOC.merged_BUSTEDS-MH_Results.csv, results/BDNF-64/tables/BDNF-64.AOC.merged_RELAX_Results.csv, results/BDNF-64/tables/BDNF-64.AOC.merged_CFEL_Results.csv, results/BDNF-64/tables/BDNF-64.selection_overview.csv, results/BDNF-64/visualizations/BDNF-64.FEL.merged.png, results/BDNF-64/visualizations/BDNF-64.MEME.merged.png
    jobid: 0
    reason: Input files updated by another job: results/BDNF-64/tables/BDNF-64.AOC.merged_ABSREL_Results.csv, results/BDNF-64/tables/BDNF-64.AOC.merged_CFEL_Results.csv, results/BDNF-64/tables/BDNF-64.AOC.merged_FEL_Results.csv, results/BDNF-64/visualizations/BDNF-64.FEL.merged.png, results/BDNF-64/tables/BDNF-64.selection_overview.csv, results/BDNF-64/tables/BDNF-64.AOC.merged_BUSTEDS-MH_Results.csv, results/BDNF-64/BDNF-64.RD.SA.codons.cln.fa, results/BDNF-64/tables/BDNF-64.AOC.merged_RELAX_Results.csv, results/BDNF-64/selection/ALL_PARTITIONS.done, results/BDNF-64/visualizations/BDNF-64.MEME.merged.png, results/BDNF-64/BDNF-64.RD.SA.codons.cln.fa.cluster.fasta.best-gard, results/BDNF-64/BDNF-64.sequence_header_map.csv, results/BDNF-64/BDNF-64.test_sequences.txt, results/BDNF-64/tables/BDNF-64.AOC.merged_MEME_Results.csv
    resources: tmpdir=/var/folders/3l/76gtv9qd0v3_8hn3cb7hfbs40000gn/T
Shell command: None
[Sat Jul  4 06:58:14 2026]
Finished jobid: 0 (Rule: all)
89 of 89 steps (100%) done
Complete log(s): /Users/alex/Documents/AOC/.snakemake/log/2026-07-04T054035.416292.snakemake.log
